Archive member included to satisfy reference by file (symbol)

/Users/yanli/arm/bin/../lib/gcc/arm-none-eabi/9.2.1/../../../../arm-none-eabi/lib/thumb/v6-m/nofp/libc_nano.a(lib_a-errno.o)
                              build/user_func.o (__errno)
/Users/yanli/arm/bin/../lib/gcc/arm-none-eabi/9.2.1/../../../../arm-none-eabi/lib/thumb/v6-m/nofp/libc_nano.a(lib_a-exit.o)
                              /Users/yanli/arm/bin/../lib/gcc/arm-none-eabi/9.2.1/../../../../arm-none-eabi/lib/thumb/v6-m/nofp/crt0.o (exit)
/Users/yanli/arm/bin/../lib/gcc/arm-none-eabi/9.2.1/../../../../arm-none-eabi/lib/thumb/v6-m/nofp/libc_nano.a(lib_a-impure.o)
                              /Users/yanli/arm/bin/../lib/gcc/arm-none-eabi/9.2.1/../../../../arm-none-eabi/lib/thumb/v6-m/nofp/libc_nano.a(lib_a-exit.o) (_global_impure_ptr)
/Users/yanli/arm/bin/../lib/gcc/arm-none-eabi/9.2.1/../../../../arm-none-eabi/lib/thumb/v6-m/nofp/libc_nano.a(lib_a-init.o)
                              /Users/yanli/arm/bin/../lib/gcc/arm-none-eabi/9.2.1/../../../../arm-none-eabi/lib/thumb/v6-m/nofp/crt0.o (__libc_init_array)
/Users/yanli/arm/bin/../lib/gcc/arm-none-eabi/9.2.1/../../../../arm-none-eabi/lib/thumb/v6-m/nofp/libc_nano.a(lib_a-memcpy-stub.o)
                              build/user_func.o (memcpy)
/Users/yanli/arm/bin/../lib/gcc/arm-none-eabi/9.2.1/../../../../arm-none-eabi/lib/thumb/v6-m/nofp/libc_nano.a(lib_a-memset.o)
                              /Users/yanli/arm/bin/../lib/gcc/arm-none-eabi/9.2.1/../../../../arm-none-eabi/lib/thumb/v6-m/nofp/crt0.o (memset)
/Users/yanli/arm/bin/../lib/gcc/arm-none-eabi/9.2.1/../../../../arm-none-eabi/lib/thumb/v6-m/nofp/libc_nano.a(lib_a-printf.o)
                              build/user_func.o (printf)
/Users/yanli/arm/bin/../lib/gcc/arm-none-eabi/9.2.1/../../../../arm-none-eabi/lib/thumb/v6-m/nofp/libc_nano.a(lib_a-sprintf.o)
                              build/user_func.o (sprintf)
/Users/yanli/arm/bin/../lib/gcc/arm-none-eabi/9.2.1/../../../../arm-none-eabi/lib/thumb/v6-m/nofp/libc_nano.a(lib_a-strcat.o)
                              build/user_func.o (strcat)
/Users/yanli/arm/bin/../lib/gcc/arm-none-eabi/9.2.1/../../../../arm-none-eabi/lib/thumb/v6-m/nofp/libc_nano.a(lib_a-strcmp.o)
                              build/user_func.o (strcmp)
/Users/yanli/arm/bin/../lib/gcc/arm-none-eabi/9.2.1/../../../../arm-none-eabi/lib/thumb/v6-m/nofp/libc_nano.a(lib_a-strtok.o)
                              build/fifo.o (strtok)
/Users/yanli/arm/bin/../lib/gcc/arm-none-eabi/9.2.1/../../../../arm-none-eabi/lib/thumb/v6-m/nofp/libc_nano.a(lib_a-strtok_r.o)
                              /Users/yanli/arm/bin/../lib/gcc/arm-none-eabi/9.2.1/../../../../arm-none-eabi/lib/thumb/v6-m/nofp/libc_nano.a(lib_a-strtok.o) (__strtok_r)
/Users/yanli/arm/bin/../lib/gcc/arm-none-eabi/9.2.1/../../../../arm-none-eabi/lib/thumb/v6-m/nofp/libc_nano.a(lib_a-strtol.o)
                              build/fifo.o (strtol)
/Users/yanli/arm/bin/../lib/gcc/arm-none-eabi/9.2.1/../../../../arm-none-eabi/lib/thumb/v6-m/nofp/libc_nano.a(lib_a-ctype_.o)
                              /Users/yanli/arm/bin/../lib/gcc/arm-none-eabi/9.2.1/../../../../arm-none-eabi/lib/thumb/v6-m/nofp/libc_nano.a(lib_a-strtol.o) (_ctype_)
/Users/yanli/arm/bin/../lib/gcc/arm-none-eabi/9.2.1/../../../../arm-none-eabi/lib/thumb/v6-m/nofp/libc_nano.a(lib_a-findfp.o)
                              /Users/yanli/arm/bin/../lib/gcc/arm-none-eabi/9.2.1/../../../../arm-none-eabi/lib/thumb/v6-m/nofp/libc_nano.a(lib_a-printf.o) (__sinit)
/Users/yanli/arm/bin/../lib/gcc/arm-none-eabi/9.2.1/../../../../arm-none-eabi/lib/thumb/v6-m/nofp/libc_nano.a(lib_a-fwalk.o)
                              /Users/yanli/arm/bin/../lib/gcc/arm-none-eabi/9.2.1/../../../../arm-none-eabi/lib/thumb/v6-m/nofp/libc_nano.a(lib_a-findfp.o) (_fwalk)
/Users/yanli/arm/bin/../lib/gcc/arm-none-eabi/9.2.1/../../../../arm-none-eabi/lib/thumb/v6-m/nofp/libc_nano.a(lib_a-lock.o)
                              /Users/yanli/arm/bin/../lib/gcc/arm-none-eabi/9.2.1/../../../../arm-none-eabi/lib/thumb/v6-m/nofp/libc_nano.a(lib_a-findfp.o) (__retarget_lock_init_recursive)
/Users/yanli/arm/bin/../lib/gcc/arm-none-eabi/9.2.1/../../../../arm-none-eabi/lib/thumb/v6-m/nofp/libc_nano.a(lib_a-malloc.o)
                              /Users/yanli/arm/bin/../lib/gcc/arm-none-eabi/9.2.1/../../../../arm-none-eabi/lib/thumb/v6-m/nofp/libc_nano.a(lib_a-strtok.o) (malloc)
/Users/yanli/arm/bin/../lib/gcc/arm-none-eabi/9.2.1/../../../../arm-none-eabi/lib/thumb/v6-m/nofp/libc_nano.a(lib_a-nano-freer.o)
                              /Users/yanli/arm/bin/../lib/gcc/arm-none-eabi/9.2.1/../../../../arm-none-eabi/lib/thumb/v6-m/nofp/libc_nano.a(lib_a-malloc.o) (_free_r)
/Users/yanli/arm/bin/../lib/gcc/arm-none-eabi/9.2.1/../../../../arm-none-eabi/lib/thumb/v6-m/nofp/libc_nano.a(lib_a-nano-mallocr.o)
[...]
Memory Configuration

Name             Origin             Length             Attributes
RAM              0x0000000020000000 0x0000000000005000 xrw
FLASH            0x0000000008000000 0x0000000000030000 xr
*default*        0x0000000000000000 0xffffffffffffffff

Linker script and memory map

LOAD /Users/yanli/arm/bin/../lib/gcc/arm-none-eabi/9.2.1/thumb/v6-m/nofp/crti.o
LOAD /Users/yanli/arm/bin/../lib/gcc/arm-none-eabi/9.2.1/thumb/v6-m/nofp/crtbegin.o
LOAD /Users/yanli/arm/bin/../lib/gcc/arm-none-eabi/9.2.1/../../../../arm-none-eabi/lib/thumb/v6-m/nofp/crt0.o
LOAD build/main.o
LOAD build/gpio.o
LOAD build/user_func.o
LOAD build/fifo.o
LOAD build/uart.o
LOAD build/tim.o
LOAD build/stm32l0xx_it.o
LOAD build/stm32l0xx_hal_msp.o
LOAD build/stm32l0xx_hal_tim.o
LOAD build/stm32l0xx_hal_tim_ex.o
LOAD build/stm32l0xx_hal_uart.o
LOAD build/stm32l0xx_hal_usart.o
LOAD build/stm32l0xx_hal_uart_ex.o
LOAD build/stm32l0xx_hal.o
LOAD build/stm32l0xx_hal_i2c.o
LOAD build/stm32l0xx_hal_i2c_ex.o
LOAD build/stm32l0xx_hal_rcc.o
LOAD build/stm32l0xx_hal_rcc_ex.o
LOAD build/stm32l0xx_hal_flash_ramfunc.o
LOAD build/stm32l0xx_hal_flash.o
LOAD build/stm32l0xx_hal_flash_ex.o
LOAD build/stm32l0xx_hal_gpio.o
LOAD build/stm32l0xx_hal_dma.o
LOAD build/stm32l0xx_hal_pwr.o
LOAD build/stm32l0xx_hal_pwr_ex.o
LOAD build/stm32l0xx_hal_cortex.o
LOAD build/system_stm32l0xx.o
LOAD build/startup_stm32l073xx.o
LOAD /Users/yanli/arm/bin/../lib/gcc/arm-none-eabi/9.2.1/../../../../arm-none-eabi/lib/thumb/v6-m/nofp/libc_nano.a
LOAD /Users/yanli/arm/bin/../lib/gcc/arm-none-eabi/9.2.1/../../../../arm-none-eabi/lib/thumb/v6-m/nofp/libm.a
LOAD /Users/yanli/arm/bin/../lib/gcc/arm-none-eabi/9.2.1/../../../../arm-none-eabi/lib/thumb/v6-m/nofp/libnosys.a
START GROUP
LOAD /Users/yanli/arm/bin/../lib/gcc/arm-none-eabi/9.2.1/thumb/v6-m/nofp/libgcc.a
LOAD /Users/yanli/arm/bin/../lib/gcc/arm-none-eabi/9.2.1/../../../../arm-none-eabi/lib/thumb/v6-m/nofp/libc_nano.a
END GROUP
START GROUP
LOAD /Users/yanli/arm/bin/../lib/gcc/arm-none-eabi/9.2.1/thumb/v6-m/nofp/libgcc.a
LOAD /Users/yanli/arm/bin/../lib/gcc/arm-none-eabi/9.2.1/../../../../arm-none-eabi/lib/thumb/v6-m/nofp/libc_nano.a
END GROUP
LOAD /Users/yanli/arm/bin/../lib/gcc/arm-none-eabi/9.2.1/thumb/v6-m/nofp/crtend.o
LOAD /Users/yanli/arm/bin/../lib/gcc/arm-none-eabi/9.2.1/thumb/v6-m/nofp/crtn.o
                0x0000000020005000                _estack = 0x20005000
                0x0000000000000200                _Min_Heap_Size = 0x200
                0x0000000000000400                _Min_Stack_Size = 0x400

.isr_vector     0x0000000008000000       0xc0
                0x0000000008000000                . = ALIGN (0x4)
 *(.isr_vector)
 .isr_vector    0x0000000008000000       0xc0 build/startup_stm32l073xx.o
                0x0000000008000000                g_pfnVectors
                0x00000000080000c0                . = ALIGN (0x4)

.text           0x00000000080000c0     0x2848
                0x00000000080000c0                . = ALIGN (0x4)
 *(.text)
 .text          0x00000000080000c0       0x48 /Users/yanli/arm/bin/../lib/gcc/arm-none-eabi/9.2.1/thumb/v6-m/nofp/crtbegin.o
 .text          0x0000000008000108       0x14 /Users/yanli/arm/bin/../lib/gcc/arm-none-eabi/9.2.1/../../../../arm-none-eabi/lib/thumb/v6-m/nofp/libc_nano.a(lib_a-strcmp.o)
                0x0000000008000108                strcmp
 .text          0x000000000800011c       0x14 /Users/yanli/arm/bin/../lib/gcc/arm-none-eabi/9.2.1/thumb/v6-m/nofp/libgcc.a(_thumb1_case_shi.o)
                0x000000000800011c                __gnu_thumb1_case_shi
 .text          0x0000000008000130      0x114 /Users/yanli/arm/bin/../lib/gcc/arm-none-eabi/9.2.1/thumb/v6-m/nofp/libgcc.a(_udivsi3.o)
                0x0000000008000130                __udivsi3
                0x0000000008000130                __aeabi_uidiv
                0x000000000800023c                __aeabi_uidivmod
 .text          0x0000000008000244        0x4 /Users/yanli/arm/bin/../lib/gcc/arm-none-eabi/9.2.1/thumb/v6-m/nofp/libgcc.a(_dvmd_tls.o)
                0x0000000008000244                __aeabi_ldiv0
                0x0000000008000244                __aeabi_idiv0
 .text          0x0000000008000248       0x40 /Users/yanli/arm/bin/../lib/gcc/arm-none-eabi/9.2.1/thumb/v6-m/nofp/libgcc.a(_aeabi_uldivmod.o)
                0x0000000008000248                __aeabi_uldivmod
 .text          0x0000000008000288      0x198 /Users/yanli/arm/bin/../lib/gcc/arm-none-eabi/9.2.1/thumb/v6-m/nofp/libgcc.a(_udivmoddi4.o)
                0x0000000008000288                __udivmoddi4
 .text          0x0000000008000420       0x3c /Users/yanli/arm/bin/../lib/gcc/arm-none-eabi/9.2.1/thumb/v6-m/nofp/libgcc.a(_clzsi2.o)
                0x0000000008000420                __clzsi2
 .text          0x000000000800045c       0x18 /Users/yanli/arm/bin/../lib/gcc/arm-none-eabi/9.2.1/thumb/v6-m/nofp/libgcc.a(_clzdi2.o)
                0x000000000800045c                __clzdi2
 *(.text*)
 .text.SystemClock_Config
                0x0000000008000474       0x70 build/main.o
                0x0000000008000474                SystemClock_Config
 .text.main     0x00000000080004e4       0x44 build/main.o
                0x00000000080004e4                main
 .text.Error_Handler
                0x0000000008000528        0x2 build/main.o
                0x0000000008000528                Error_Handler
 *fill*         0x000000000800052a        0x2 
 .text.MX_GPIO_Init
                0x000000000800052c       0xf4 build/gpio.o
                0x000000000800052c                MX_GPIO_Init
 .text.mr32     0x0000000008000620        0xc build/user_func.o
                0x0000000008000620                mr32
 .text.mw32     0x000000000800062c        0xc build/user_func.o
                0x000000000800062c                mw32
 .text.fifoReset
                0x0000000008000638        0xc build/fifo.o
                0x0000000008000638                fifoReset
 .text.fifoWrite
                0x0000000008000644       0x22 build/fifo.o
                0x0000000008000644                fifoWrite
 *fill*         0x0000000008000666        0x2 
 .text.fifoParser
                0x0000000008000668      0x2f8 build/fifo.o
                0x0000000008000668                fifoParser
 .text.MX_USART2_UART_Init
                0x0000000008000960       0x70 build/uart.o
                0x0000000008000960                MX_USART2_UART_Init
 .text.USART2_IRQHandler
                0x00000000080009d0       0x34 build/uart.o
                0x00000000080009d0                USART2_IRQHandler
 .text.MX_TIMERIC_Init
                0x0000000008000a04       0x30 build/tim.o
                0x0000000008000a04                MX_TIMERIC_Init
 .text.MX_TIMER_Enable
                0x0000000008000a34       0x10 build/tim.o
                0x0000000008000a34                MX_TIMER_Enable
 .text.MX_TIMER_Init
                0x0000000008000a44       0x44 build/tim.o
                0x0000000008000a44                MX_TIMER_Init
 .text.MX_TIMER_Disable
                0x0000000008000a88       0x10 build/tim.o
                0x0000000008000a88                MX_TIMER_Disable
 .text.TIM3_IRQHandler
                0x0000000008000a98       0x54 build/tim.o
                0x0000000008000a98                TIM3_IRQHandler
 .text.NMI_Handler
                0x0000000008000aec        0x2 build/stm32l0xx_it.o
                0x0000000008000aec                NMI_Handler
 .text.HardFault_Handler
                0x0000000008000aee        0x2 build/stm32l0xx_it.o
                0x0000000008000aee                HardFault_Handler
 .text.SVC_Handler
                0x0000000008000af0        0x2 build/stm32l0xx_it.o
                0x0000000008000af0                SVC_Handler
 .text.PendSV_Handler
                0x0000000008000af2        0x2 build/stm32l0xx_it.o
                0x0000000008000af2                PendSV_Handler
 .text.SysTick_Handler
                0x0000000008000af4        0x8 build/stm32l0xx_it.o
                0x0000000008000af4                SysTick_Handler
 .text.HAL_MspInit
                0x0000000008000afc       0x1c build/stm32l0xx_hal_msp.o
                0x0000000008000afc                HAL_MspInit
 .text.HAL_UART_MspInit
                0x0000000008000b18        0x2 build/stm32l0xx_hal_uart.o
                0x0000000008000b18                HAL_UART_MspInit
 *fill*         0x0000000008000b1a        0x2 
 .text.UART_SetConfig
                0x0000000008000b1c      0x38c build/stm32l0xx_hal_uart.o
                0x0000000008000b1c                UART_SetConfig
 .text.UART_AdvFeatureConfig
                0x0000000008000ea8       0xe0 build/stm32l0xx_hal_uart.o
                0x0000000008000ea8                UART_AdvFeatureConfig
 .text.UART_WaitOnFlagUntilTimeout
                0x0000000008000f88       0x70 build/stm32l0xx_hal_uart.o
                0x0000000008000f88                UART_WaitOnFlagUntilTimeout
 .text.HAL_UART_Transmit
                0x0000000008000ff8      0x100 build/stm32l0xx_hal_uart.o
                0x0000000008000ff8                HAL_UART_Transmit
 .text.UART_CheckIdleState
                0x00000000080010f8       0x6c build/stm32l0xx_hal_uart.o
                0x00000000080010f8                UART_CheckIdleState
 .text.HAL_UART_Init
                0x0000000008001164       0x6c build/stm32l0xx_hal_uart.o
                0x0000000008001164                HAL_UART_Init
 .text.HAL_InitTick
                0x00000000080011d0       0x30 build/stm32l0xx_hal.o
                0x00000000080011d0                HAL_InitTick
 .text.HAL_Init
                0x0000000008001200       0x28 build/stm32l0xx_hal.o
                0x0000000008001200                HAL_Init
 .text.HAL_IncTick
                0x0000000008001228       0x10 build/stm32l0xx_hal.o
                0x0000000008001228                HAL_IncTick
 .text.HAL_GetTick
                0x0000000008001238        0xc build/stm32l0xx_hal.o
                0x0000000008001238                HAL_GetTick
 .text.HAL_Delay
                0x0000000008001244       0x1c build/stm32l0xx_hal.o
                0x0000000008001244                HAL_Delay
 .text.HAL_RCC_MCOConfig
                0x0000000008001260       0xb0 build/stm32l0xx_hal_rcc.o
                0x0000000008001260                HAL_RCC_MCOConfig
 .text.HAL_RCC_GetSysClockFreq
                0x0000000008001310       0xb0 build/stm32l0xx_hal_rcc.o
                0x0000000008001310                HAL_RCC_GetSysClockFreq
 .text.HAL_RCC_OscConfig
                0x00000000080013c0      0x590 build/stm32l0xx_hal_rcc.o
                0x00000000080013c0                HAL_RCC_OscConfig
 .text.HAL_RCC_ClockConfig
                0x0000000008001950      0x1a8 build/stm32l0xx_hal_rcc.o
                0x0000000008001950                HAL_RCC_ClockConfig
 .text.HAL_RCC_GetHCLKFreq
                0x0000000008001af8        0xc build/stm32l0xx_hal_rcc.o
                0x0000000008001af8                HAL_RCC_GetHCLKFreq
 .text.HAL_RCC_GetPCLK1Freq
                0x0000000008001b04       0x20 build/stm32l0xx_hal_rcc.o
                0x0000000008001b04                HAL_RCC_GetPCLK1Freq
 .text.HAL_RCC_GetPCLK2Freq
                0x0000000008001b24       0x20 build/stm32l0xx_hal_rcc.o
                0x0000000008001b24                HAL_RCC_GetPCLK2Freq
 .text.HAL_GPIO_Init
                0x0000000008001b44      0x19c build/stm32l0xx_hal_gpio.o
                0x0000000008001b44                HAL_GPIO_Init
 .text.HAL_GPIO_WritePin
                0x0000000008001ce0        0xc build/stm32l0xx_hal_gpio.o
                0x0000000008001ce0                HAL_GPIO_WritePin
 .text.HAL_GPIO_TogglePin
                0x0000000008001cec        0x8 build/stm32l0xx_hal_gpio.o
                0x0000000008001cec                HAL_GPIO_TogglePin
 .text.HAL_NVIC_SetPriority
                0x0000000008001cf4       0x60 build/stm32l0xx_hal_cortex.o
                0x0000000008001cf4                HAL_NVIC_SetPriority
 .text.HAL_NVIC_EnableIRQ
                0x0000000008001d54       0x14 build/stm32l0xx_hal_cortex.o
                0x0000000008001d54                HAL_NVIC_EnableIRQ
 .text.HAL_SYSTICK_Config
                0x0000000008001d68       0x38 build/stm32l0xx_hal_cortex.o
                0x0000000008001d68                HAL_SYSTICK_Config
 .text.SystemInit
                0x0000000008001da0       0x5c build/system_stm32l0xx.o
                0x0000000008001da0                SystemInit
 .text.Reset_Handler
                0x0000000008001dfc       0x50 build/startup_stm32l073xx.o
                0x0000000008001dfc                Reset_Handler
 .text.Default_Handler
                0x0000000008001e4c        0x2 build/startup_stm32l073xx.o
                0x0000000008001e4c                LPTIM1_IRQHandler
                0x0000000008001e4c                ADC1_COMP_IRQHandler
                0x0000000008001e4c                PVD_IRQHandler
                0x0000000008001e4c                I2C1_IRQHandler
                0x0000000008001e4c                RCC_CRS_IRQHandler
                0x0000000008001e4c                SPI1_IRQHandler
                0x0000000008001e4c                TIM6_DAC_IRQHandler
                0x0000000008001e4c                EXTI2_3_IRQHandler
                0x0000000008001e4c                I2C2_IRQHandler
                0x0000000008001e4c                RTC_IRQHandler
                0x0000000008001e4c                LCD_IRQHandler
                0x0000000008001e4c                DMA1_Channel4_5_6_7_IRQHandler
                0x0000000008001e4c                EXTI4_15_IRQHandler
                0x0000000008001e4c                DMA1_Channel1_IRQHandler
                0x0000000008001e4c                USART4_5_IRQHandler
                0x0000000008001e4c                Default_Handler
                0x0000000008001e4c                TIM22_IRQHandler
                0x0000000008001e4c                TIM7_IRQHandler
                0x0000000008001e4c                EXTI0_1_IRQHandler
                0x0000000008001e4c                USB_IRQHandler
                0x0000000008001e4c                I2C3_IRQHandler
                0x0000000008001e4c                SPI2_IRQHandler
                0x0000000008001e4c                TIM21_IRQHandler
                0x0000000008001e4c                WWDG_IRQHandler
                0x0000000008001e4c                TIM2_IRQHandler
                0x0000000008001e4c                DMA1_Channel2_3_IRQHandler
                0x0000000008001e4c                FLASH_IRQHandler
                0x0000000008001e4c                USART1_IRQHandler
                0x0000000008001e4c                RNG_LPUART1_IRQHandler
                0x0000000008001e4c                TSC_IRQHandler
 *fill*         0x0000000008001e4e        0x2 
 .text.__libc_init_array
                0x0000000008001e50       0x48 /Users/yanli/arm/bin/../lib/gcc/arm-none-eabi/9.2.1/../../../../arm-none-eabi/lib/thumb/v6-m/nofp/libc_nano.a(lib_a-init.o)
                0x0000000008001e50                __libc_init_array
 .text.memcpy   0x0000000008001e98       0x12 /Users/yanli/arm/bin/../lib/gcc/arm-none-eabi/9.2.1/../../../../arm-none-eabi/lib/thumb/v6-m/nofp/libc_nano.a(lib_a-memcpy-stub.o)
                0x0000000008001e98                memcpy
 .text.memset   0x0000000008001eaa       0x10 /Users/yanli/arm/bin/../lib/gcc/arm-none-eabi/9.2.1/../../../../arm-none-eabi/lib/thumb/v6-m/nofp/libc_nano.a(lib_a-memset.o)
                0x0000000008001eaa                memset
 *fill*         0x0000000008001eba        0x2 
 .text.sprintf  0x0000000008001ebc       0x40 /Users/yanli/arm/bin/../lib/gcc/arm-none-eabi/9.2.1/../../../../arm-none-eabi/lib/thumb/v6-m/nofp/libc_nano.a(lib_a-sprintf.o)
                0x0000000008001ebc                sprintf
                0x0000000008001ebc                siprintf
 .text.strtok   0x0000000008001efc       0x50 /Users/yanli/arm/bin/../lib/gcc/arm-none-eabi/9.2.1/../../../../arm-none-eabi/lib/thumb/v6-m/nofp/libc_nano.a(lib_a-strtok.o)
                0x0000000008001efc                strtok
 .text.__strtok_r
                0x0000000008001f4c       0x5e /Users/yanli/arm/bin/../lib/gcc/arm-none-eabi/9.2.1/../../../../arm-none-eabi/lib/thumb/v6-m/nofp/libc_nano.a(lib_a-strtok_r.o)
                0x0000000008001f4c                __strtok_r
 *fill*         0x0000000008001faa        0x2 
 .text._strtol_l.isra.0
                0x0000000008001fac      0x104 /Users/yanli/arm/bin/../lib/gcc/arm-none-eabi/9.2.1/../../../../arm-none-eabi/lib/thumb/v6-m/nofp/libc_nano.a(lib_a-strtol.o)
 .text.strtol   0x00000000080020b0       0x18 /Users/yanli/arm/bin/../lib/gcc/arm-none-eabi/9.2.1/../../../../arm-none-eabi/lib/thumb/v6-m/nofp/libc_nano.a(lib_a-strtol.o)
                0x00000000080020b0                strtol
 .text.__retarget_lock_acquire_recursive
                0x00000000080020c8        0x2 /Users/yanli/arm/bin/../lib/gcc/arm-none-eabi/9.2.1/../../../../arm-none-eabi/lib/thumb/v6-m/nofp/libc_nano.a(lib_a-lock.o)
                0x00000000080020c8                __retarget_lock_acquire_recursive
 .text.__retarget_lock_release_recursive
                0x00000000080020ca        0x2 /Users/yanli/arm/bin/../lib/gcc/arm-none-eabi/9.2.1/../../../../arm-none-eabi/lib/thumb/v6-m/nofp/libc_nano.a(lib_a-lock.o)
                0x00000000080020ca                __retarget_lock_release_recursive
 .text.malloc   0x00000000080020cc       0x14 /Users/yanli/arm/bin/../lib/gcc/arm-none-eabi/9.2.1/../../../../arm-none-eabi/lib/thumb/v6-m/nofp/libc_nano.a(lib_a-malloc.o)
                0x00000000080020cc                malloc
 .text._free_r  0x00000000080020e0       0x94 /Users/yanli/arm/bin/../lib/gcc/arm-none-eabi/9.2.1/../../../../arm-none-eabi/lib/thumb/v6-m/nofp/libc_nano.a(lib_a-nano-freer.o)
                0x00000000080020e0                _free_r
 .text._malloc_r
                0x0000000008002174       0xbc /Users/yanli/arm/bin/../lib/gcc/arm-none-eabi/9.2.1/../../../../arm-none-eabi/lib/thumb/v6-m/nofp/libc_nano.a(lib_a-nano-mallocr.o)
                0x0000000008002174                _malloc_r
 .text.__ssputs_r
                0x0000000008002230       0xc4 /Users/yanli/arm/bin/../lib/gcc/arm-none-eabi/9.2.1/../../../../arm-none-eabi/lib/thumb/v6-m/nofp/libc_nano.a(lib_a-nano-svfprintf.o)
                0x0000000008002230                __ssputs_r
 .text._svfprintf_r
                0x00000000080022f4      0x200 /Users/yanli/arm/bin/../lib/gcc/arm-none-eabi/9.2.1/../../../../arm-none-eabi/lib/thumb/v6-m/nofp/libc_nano.a(lib_a-nano-svfprintf.o)
                0x00000000080022f4                _svfprintf_r
                0x00000000080022f4                _svfiprintf_r
 .text._printf_common
                0x00000000080024f4       0xde /Users/yanli/arm/bin/../lib/gcc/arm-none-eabi/9.2.1/../../../../arm-none-eabi/lib/thumb/v6-m/nofp/libc_nano.a(lib_a-nano-vfprintf_i.o)
                0x00000000080024f4                _printf_common
 *fill*         0x00000000080025d2        0x2 
 .text._printf_i
                0x00000000080025d4      0x224 /Users/yanli/arm/bin/../lib/gcc/arm-none-eabi/9.2.1/../../../../arm-none-eabi/lib/thumb/v6-m/nofp/libc_nano.a(lib_a-nano-vfprintf_i.o)
                0x00000000080025d4                _printf_i
 .text._sbrk_r  0x00000000080027f8       0x24 /Users/yanli/arm/bin/../lib/gcc/arm-none-eabi/9.2.1/../../../../arm-none-eabi/lib/thumb/v6-m/nofp/libc_nano.a(lib_a-sbrkr.o)
                0x00000000080027f8                _sbrk_r
 .text.memchr   0x000000000800281c       0x16 /Users/yanli/arm/bin/../lib/gcc/arm-none-eabi/9.2.1/../../../../arm-none-eabi/lib/thumb/v6-m/nofp/libc_nano.a(lib_a-memchr-stub.o)
                0x000000000800281c                memchr
 .text.memmove  0x0000000008002832       0x26 /Users/yanli/arm/bin/../lib/gcc/arm-none-eabi/9.2.1/../../../../arm-none-eabi/lib/thumb/v6-m/nofp/libc_nano.a(lib_a-memmove.o)
                0x0000000008002832                memmove
 .text.__malloc_lock
                0x0000000008002858       0x10 /Users/yanli/arm/bin/../lib/gcc/arm-none-eabi/9.2.1/../../../../arm-none-eabi/lib/thumb/v6-m/nofp/libc_nano.a(lib_a-mlock.o)
                0x0000000008002858                __malloc_lock
 .text.__malloc_unlock
                0x0000000008002868       0x10 /Users/yanli/arm/bin/../lib/gcc/arm-none-eabi/9.2.1/../../../../arm-none-eabi/lib/thumb/v6-m/nofp/libc_nano.a(lib_a-mlock.o)
                0x0000000008002868                __malloc_unlock
 .text._realloc_r
                0x0000000008002878       0x4c /Users/yanli/arm/bin/../lib/gcc/arm-none-eabi/9.2.1/../../../../arm-none-eabi/lib/thumb/v6-m/nofp/libc_nano.a(lib_a-nano-reallocr.o)
                0x0000000008002878                _realloc_r
 .text._malloc_usable_size_r
                0x00000000080028c4       0x10 /Users/yanli/arm/bin/../lib/gcc/arm-none-eabi/9.2.1/../../../../arm-none-eabi/lib/thumb/v6-m/nofp/libc_nano.a(lib_a-nano-msizer.o)
                0x00000000080028c4                _malloc_usable_size_r
 .text._sbrk    0x00000000080028d4       0x1c /Users/yanli/arm/bin/../lib/gcc/arm-none-eabi/9.2.1/../../../../arm-none-eabi/lib/thumb/v6-m/nofp/libnosys.a(sbrk.o)
                0x00000000080028d4                _sbrk
 *(.glue_7)
 .glue_7        0x00000000080028f0        0x0 linker stubs
 *(.glue_7t)
 .glue_7t       0x00000000080028f0        0x0 linker stubs
 *(.eh_frame)
 .eh_frame      0x00000000080028f0        0x0 /Users/yanli/arm/bin/../lib/gcc/arm-none-eabi/9.2.1/thumb/v6-m/nofp/crtbegin.o
 *(.init)
 .init          0x00000000080028f0        0x4 /Users/yanli/arm/bin/../lib/gcc/arm-none-eabi/9.2.1/thumb/v6-m/nofp/crti.o
                0x00000000080028f0                _init
 .init          0x00000000080028f4        0x8 /Users/yanli/arm/bin/../lib/gcc/arm-none-eabi/9.2.1/thumb/v6-m/nofp/crtn.o
 *(.fini)
 .fini          0x00000000080028fc        0x4 /Users/yanli/arm/bin/../lib/gcc/arm-none-eabi/9.2.1/thumb/v6-m/nofp/crti.o
                0x00000000080028fc                _fini
 .fini          0x0000000008002900        0x8 /Users/yanli/arm/bin/../lib/gcc/arm-none-eabi/9.2.1/thumb/v6-m/nofp/crtn.o
                0x0000000008002908                . = ALIGN (0x4)
                0x0000000008002908                _etext = .

.vfp11_veneer   0x0000000008002908        0x0
 .vfp11_veneer  0x0000000008002908        0x0 linker stubs

.v4_bx          0x0000000008002908        0x0
 .v4_bx         0x0000000008002908        0x0 linker stubs

.iplt           0x0000000008002908        0x0
 .iplt          0x0000000008002908        0x0 /Users/yanli/arm/bin/../lib/gcc/arm-none-eabi/9.2.1/thumb/v6-m/nofp/crtbegin.o

.rodata         0x0000000008002908      0x2c8
                0x0000000008002908                . = ALIGN (0x4)
 *(.rodata)
 *(.rodata*)
 .rodata.fifoParser.str1.4
                0x0000000008002908       0xc7 build/fifo.o
                                         0xcb (size before relaxing)
 *fill*         0x00000000080029cf        0x1 
 .rodata.UART_SetConfig
                0x00000000080029d0       0x48 build/stm32l0xx_hal_uart.o
 .rodata.AHBPrescTable
                0x0000000008002a18       0x10 build/system_stm32l0xx.o
                0x0000000008002a18                AHBPrescTable
 .rodata.APBPrescTable
                0x0000000008002a28        0x8 build/system_stm32l0xx.o
                0x0000000008002a28                APBPrescTable
 .rodata.PLLMulTable
                0x0000000008002a30        0x9 build/system_stm32l0xx.o
                0x0000000008002a30                PLLMulTable
 .rodata._ctype_
                0x0000000008002a39      0x101 /Users/yanli/arm/bin/../lib/gcc/arm-none-eabi/9.2.1/../../../../arm-none-eabi/lib/thumb/v6-m/nofp/libc_nano.a(lib_a-ctype_.o)
                0x0000000008002a39                _ctype_
 *fill*         0x0000000008002b3a        0x2 
 .rodata.__sf_fake_stderr
                0x0000000008002b3c       0x20 /Users/yanli/arm/bin/../lib/gcc/arm-none-eabi/9.2.1/../../../../arm-none-eabi/lib/thumb/v6-m/nofp/libc_nano.a(lib_a-findfp.o)
                0x0000000008002b3c                __sf_fake_stderr
 .rodata.__sf_fake_stdin
                0x0000000008002b5c       0x20 /Users/yanli/arm/bin/../lib/gcc/arm-none-eabi/9.2.1/../../../../arm-none-eabi/lib/thumb/v6-m/nofp/libc_nano.a(lib_a-findfp.o)
                0x0000000008002b5c                __sf_fake_stdin
 .rodata.__sf_fake_stdout
                0x0000000008002b7c       0x20 /Users/yanli/arm/bin/../lib/gcc/arm-none-eabi/9.2.1/../../../../arm-none-eabi/lib/thumb/v6-m/nofp/libc_nano.a(lib_a-findfp.o)
                0x0000000008002b7c                __sf_fake_stdout
 .rodata._svfprintf_r.str1.1
                0x0000000008002b9c       0x11 /Users/yanli/arm/bin/../lib/gcc/arm-none-eabi/9.2.1/../../../../arm-none-eabi/lib/thumb/v6-m/nofp/libc_nano.a(lib_a-nano-svfprintf.o)
 .rodata._printf_i.str1.1
                0x0000000008002bad       0x22 /Users/yanli/arm/bin/../lib/gcc/arm-none-eabi/9.2.1/../../../../arm-none-eabi/lib/thumb/v6-m/nofp/libc_nano.a(lib_a-nano-vfprintf_i.o)
                0x0000000008002bd0                . = ALIGN (0x4)
 *fill*         0x0000000008002bcf        0x1 

.ARM.extab
 *(.ARM.extab* .gnu.linkonce.armextab.*)

.ARM            0x0000000008002bd0        0x8
                0x0000000008002bd0                __exidx_start = .
 *(.ARM.exidx*)
 .ARM.exidx     0x0000000008002bd0        0x8 /Users/yanli/arm/bin/../lib/gcc/arm-none-eabi/9.2.1/thumb/v6-m/nofp/libgcc.a(_udivmoddi4.o)
                0x0000000008002bd8                __exidx_end = .

.rel.dyn        0x0000000008002bd8        0x0
 .rel.iplt      0x0000000008002bd8        0x0 /Users/yanli/arm/bin/../lib/gcc/arm-none-eabi/9.2.1/thumb/v6-m/nofp/crtbegin.o

.preinit_array  0x0000000008002bd8        0x0
                0x0000000008002bd8                PROVIDE (__preinit_array_start = .)
 *(.preinit_array*)
                0x0000000008002bd8                PROVIDE (__preinit_array_end = .)

.init_array     0x0000000008002bd8        0x4
                0x0000000008002bd8                PROVIDE (__init_array_start = .)
 *(SORT_BY_NAME(.init_array.*))
 *(.init_array*)
 .init_array    0x0000000008002bd8        0x4 /Users/yanli/arm/bin/../lib/gcc/arm-none-eabi/9.2.1/thumb/v6-m/nofp/crtbegin.o
                0x0000000008002bdc                PROVIDE (__init_array_end = .)

.fini_array     0x0000000008002bdc        0x4
                [!provide]                        PROVIDE (__fini_array_start = .)
 *(SORT_BY_NAME(.fini_array.*))
 *(.fini_array*)
 .fini_array    0x0000000008002bdc        0x4 /Users/yanli/arm/bin/../lib/gcc/arm-none-eabi/9.2.1/thumb/v6-m/nofp/crtbegin.o
                [!provide]                        PROVIDE (__fini_array_end = .)
                0x0000000008002be0                _sidata = LOADADDR (.data)

.data           0x0000000020000000       0x68 load address 0x0000000008002be0
                0x0000000020000000                . = ALIGN (0x4)
                0x0000000020000000                _sdata = .
 *(.data)
 *(.data*)
 .data.SystemCoreClock
                0x0000000020000000        0x4 build/system_stm32l0xx.o
                0x0000000020000000                SystemCoreClock
 .data._impure_ptr
                0x0000000020000004        0x4 /Users/yanli/arm/bin/../lib/gcc/arm-none-eabi/9.2.1/../../../../arm-none-eabi/lib/thumb/v6-m/nofp/libc_nano.a(lib_a-impure.o)
                0x0000000020000004                _impure_ptr
 .data.impure_data
                0x0000000020000008       0x60 /Users/yanli/arm/bin/../lib/gcc/arm-none-eabi/9.2.1/../../../../arm-none-eabi/lib/thumb/v6-m/nofp/libc_nano.a(lib_a-impure.o)
                0x0000000020000068                . = ALIGN (0x4)
                0x0000000020000068                _edata = .

.igot.plt       0x0000000020000068        0x0 load address 0x0000000008002c48
 .igot.plt      0x0000000020000068        0x0 /Users/yanli/arm/bin/../lib/gcc/arm-none-eabi/9.2.1/thumb/v6-m/nofp/crtbegin.o
                0x0000000020000068                . = ALIGN (0x4)

.bss            0x0000000020000068      0x204 load address 0x0000000008002c48
                0x0000000020000068                _sbss = .
                0x0000000020000068                __bss_start__ = _sbss
 *(.bss)
 .bss           0x0000000020000068       0x1c /Users/yanli/arm/bin/../lib/gcc/arm-none-eabi/9.2.1/thumb/v6-m/nofp/crtbegin.o
 *(.bss*)
 .bss.__malloc_free_list
                0x0000000020000084        0x4 /Users/yanli/arm/bin/../lib/gcc/arm-none-eabi/9.2.1/../../../../arm-none-eabi/lib/thumb/v6-m/nofp/libc_nano.a(lib_a-nano-mallocr.o)
                0x0000000020000084                __malloc_free_list
 .bss.__malloc_sbrk_start
                0x0000000020000088        0x4 /Users/yanli/arm/bin/../lib/gcc/arm-none-eabi/9.2.1/../../../../arm-none-eabi/lib/thumb/v6-m/nofp/libc_nano.a(lib_a-nano-mallocr.o)
                0x0000000020000088                __malloc_sbrk_start
 .bss.heap_end.4144
                0x000000002000008c        0x4 /Users/yanli/arm/bin/../lib/gcc/arm-none-eabi/9.2.1/../../../../arm-none-eabi/lib/thumb/v6-m/nofp/libnosys.a(sbrk.o)
 *(COMMON)
 COMMON         0x0000000020000090      0x10a build/main.o
                0x0000000020000090                ADDR
                0x0000000020000094                rxfifo
                0x0000000020000118                SRF_fifo
 *fill*         0x000000002000019a        0x2 
 COMMON         0x000000002000019c       0x80 build/uart.o
                0x000000002000019c                testUartHandle
 COMMON         0x000000002000021c       0x3c build/tim.o
                0x000000002000021c                htim3
 COMMON         0x0000000020000258        0x4 build/stm32l0xx_hal.o
                0x0000000020000258                uwTick
 COMMON         0x000000002000025c        0x9 /Users/yanli/arm/bin/../lib/gcc/arm-none-eabi/9.2.1/../../../../arm-none-eabi/lib/thumb/v6-m/nofp/libc_nano.a(lib_a-lock.o)
                0x000000002000025c                __lock___atexit_recursive_mutex
                0x000000002000025d                __lock___arc4random_mutex
                0x000000002000025e                __lock___env_recursive_mutex
                0x000000002000025f                __lock___sinit_recursive_mutex
                0x0000000020000260                __lock___malloc_recursive_mutex
                0x0000000020000261                __lock___at_quick_exit_mutex
                0x0000000020000262                __lock___dd_hash_mutex
                0x0000000020000263                __lock___tz_mutex
                0x0000000020000264                __lock___sfp_recursive_mutex
 *fill*         0x0000000020000265        0x3 
 COMMON         0x0000000020000268        0x4 /Users/yanli/arm/bin/../lib/gcc/arm-none-eabi/9.2.1/../../../../arm-none-eabi/lib/thumb/v6-m/nofp/libc_nano.a(lib_a-reent.o)
                0x0000000020000268                errno
                0x000000002000026c                . = ALIGN (0x4)
                0x000000002000026c                _ebss = .
                0x000000002000026c                __bss_end__ = _ebss

._user_heap_stack
                0x000000002000026c      0x604 load address 0x0000000008002c48
                0x0000000020000270                . = ALIGN (0x8)
 *fill*         0x000000002000026c        0x4 
                0x0000000020000270                PROVIDE (end = .)
                [!provide]                        PROVIDE (_end = .)
                0x0000000020000470                . = (. + _Min_Heap_Size)
 *fill*         0x0000000020000270      0x200 
                0x0000000020000870                . = (. + _Min_Stack_Size)
 *fill*         0x0000000020000470      0x400 
                0x0000000020000870                . = ALIGN (0x8)

/DISCARD/
 libc.a(*)
 libm.a(*)
 libgcc.a(*)

.ARM.attributes
                0x0000000000000000       0x28
 *(.ARM.attributes)
 .ARM.attributes
                0x0000000000000000       0x1e /Users/yanli/arm/bin/../lib/gcc/arm-none-eabi/9.2.1/thumb/v6-m/nofp/crti.o
 .ARM.attributes
                0x000000000000001e       0x2c /Users/yanli/arm/bin/../lib/gcc/arm-none-eabi/9.2.1/thumb/v6-m/nofp/crtbegin.o
 .ARM.attributes
                0x000000000000004a       0x2c build/main.o
 .ARM.attributes
                0x0000000000000076       0x2c build/gpio.o
 .ARM.attributes
                0x00000000000000a2       0x2c build/user_func.o
 .ARM.attributes
                0x00000000000000ce       0x2c build/fifo.o
 .ARM.attributes
                0x00000000000000fa       0x2c build/uart.o
 .ARM.attributes
                0x0000000000000126       0x2c build/tim.o
 .ARM.attributes
                0x0000000000000152       0x2c build/stm32l0xx_it.o
 .ARM.attributes
                0x000000000000017e       0x2c build/stm32l0xx_hal_msp.o
 .ARM.attributes
                0x00000000000001aa       0x2c build/stm32l0xx_hal_uart.o
 .ARM.attributes
                0x00000000000001d6       0x2c build/stm32l0xx_hal.o
 .ARM.attributes
                0x0000000000000202       0x2c build/stm32l0xx_hal_rcc.o
 .ARM.attributes
                0x000000000000022e       0x2c build/stm32l0xx_hal_gpio.o
 .ARM.attributes
                0x000000000000025a       0x2c build/stm32l0xx_hal_cortex.o
 .ARM.attributes
                0x0000000000000286       0x2c build/system_stm32l0xx.o
 .ARM.attributes
                0x00000000000002b2       0x22 build/startup_stm32l073xx.o
 .ARM.attributes
                0x00000000000002d4       0x2c /Users/yanli/arm/bin/../lib/gcc/arm-none-eabi/9.2.1/../../../../arm-none-eabi/lib/thumb/v6-m/nofp/libc_nano.a(lib_a-impure.o)
 .ARM.attributes
                0x0000000000000300       0x2c /Users/yanli/arm/bin/../lib/gcc/arm-none-eabi/9.2.1/../../../../arm-none-eabi/lib/thumb/v6-m/nofp/libc_nano.a(lib_a-init.o)
 .ARM.attributes
                0x000000000000032c       0x2c /Users/yanli/arm/bin/../lib/gcc/arm-none-eabi/9.2.1/../../../../arm-none-eabi/lib/thumb/v6-m/nofp/libc_nano.a(lib_a-memcpy-stub.o)
 .ARM.attributes
                0x0000000000000358       0x2c /Users/yanli/arm/bin/../lib/gcc/arm-none-eabi/9.2.1/../../../../arm-none-eabi/lib/thumb/v6-m/nofp/libc_nano.a(lib_a-memset.o)
 .ARM.attributes
                0x0000000000000384       0x2c /Users/yanli/arm/bin/../lib/gcc/arm-none-eabi/9.2.1/../../../../arm-none-eabi/lib/thumb/v6-m/nofp/libc_nano.a(lib_a-sprintf.o)
 .ARM.attributes
                0x00000000000003b0       0x1c /Users/yanli/arm/bin/../lib/gcc/arm-none-eabi/9.2.1/../../../../arm-none-eabi/lib/thumb/v6-m/nofp/libc_nano.a(lib_a-strcmp.o)
 .ARM.attributes
                0x00000000000003cc       0x2c /Users/yanli/arm/bin/../lib/gcc/arm-none-eabi/9.2.1/../../../../arm-none-eabi/lib/thumb/v6-m/nofp/libc_nano.a(lib_a-strtok.o)
 .ARM.attributes
                0x00000000000003f8       0x2c /Users/yanli/arm/bin/../lib/gcc/arm-none-eabi/9.2.1/../../../../arm-none-eabi/lib/thumb/v6-m/nofp/libc_nano.a(lib_a-strtok_r.o)
 .ARM.attributes
                0x0000000000000424       0x2c /Users/yanli/arm/bin/../lib/gcc/arm-none-eabi/9.2.1/../../../../arm-none-eabi/lib/thumb/v6-m/nofp/libc_nano.a(lib_a-strtol.o)
 .ARM.attributes
                0x0000000000000450       0x2c /Users/yanli/arm/bin/../lib/gcc/arm-none-eabi/9.2.1/../../../../arm-none-eabi/lib/thumb/v6-m/nofp/libc_nano.a(lib_a-ctype_.o)
 .ARM.attributes
                0x000000000000047c       0x2c /Users/yanli/arm/bin/../lib/gcc/arm-none-eabi/9.2.1/../../../../arm-none-eabi/lib/thumb/v6-m/nofp/libc_nano.a(lib_a-findfp.o)
 .ARM.attributes
                0x00000000000004a8       0x2c /Users/yanli/arm/bin/../lib/gcc/arm-none-eabi/9.2.1/../../../../arm-none-eabi/lib/thumb/v6-m/nofp/libc_nano.a(lib_a-lock.o)
 .ARM.attributes
                0x00000000000004d4       0x2c /Users/yanli/arm/bin/../lib/gcc/arm-none-eabi/9.2.1/../../../../arm-none-eabi/lib/thumb/v6-m/nofp/libc_nano.a(lib_a-malloc.o)
 .ARM.attributes
                0x0000000000000500       0x2c /Users/yanli/arm/bin/../lib/gcc/arm-none-eabi/9.2.1/../../../../arm-none-eabi/lib/thumb/v6-m/nofp/libc_nano.a(lib_a-nano-freer.o)
 .ARM.attributes
                0x000000000000052c       0x2c /Users/yanli/arm/bin/../lib/gcc/arm-none-eabi/9.2.1/../../../../arm-none-eabi/lib/thumb/v6-m/nofp/libc_nano.a(lib_a-nano-mallocr.o)
 .ARM.attributes
                0x0000000000000558       0x2c /Users/yanli/arm/bin/../lib/gcc/arm-none-eabi/9.2.1/../../../../arm-none-eabi/lib/thumb/v6-m/nofp/libc_nano.a(lib_a-nano-svfprintf.o)
 .ARM.attributes
                0x0000000000000584       0x2c /Users/yanli/arm/bin/../lib/gcc/arm-none-eabi/9.2.1/../../../../arm-none-eabi/lib/thumb/v6-m/nofp/libc_nano.a(lib_a-nano-vfprintf_i.o)
 .ARM.attributes
                0x00000000000005b0       0x2c /Users/yanli/arm/bin/../lib/gcc/arm-none-eabi/9.2.1/../../../../arm-none-eabi/lib/thumb/v6-m/nofp/libc_nano.a(lib_a-sbrkr.o)
 .ARM.attributes
                0x00000000000005dc       0x2c /Users/yanli/arm/bin/../lib/gcc/arm-none-eabi/9.2.1/../../../../arm-none-eabi/lib/thumb/v6-m/nofp/libc_nano.a(lib_a-memchr-stub.o)
 .ARM.attributes
                0x0000000000000608       0x2c /Users/yanli/arm/bin/../lib/gcc/arm-none-eabi/9.2.1/../../../../arm-none-eabi/lib/thumb/v6-m/nofp/libc_nano.a(lib_a-memmove.o)
 .ARM.attributes
                0x0000000000000634       0x2c /Users/yanli/arm/bin/../lib/gcc/arm-none-eabi/9.2.1/../../../../arm-none-eabi/lib/thumb/v6-m/nofp/libc_nano.a(lib_a-mlock.o)
 .ARM.attributes
                0x0000000000000660       0x2c /Users/yanli/arm/bin/../lib/gcc/arm-none-eabi/9.2.1/../../../../arm-none-eabi/lib/thumb/v6-m/nofp/libc_nano.a(lib_a-nano-reallocr.o)
 .ARM.attributes
                0x000000000000068c       0x2c /Users/yanli/arm/bin/../lib/gcc/arm-none-eabi/9.2.1/../../../../arm-none-eabi/lib/thumb/v6-m/nofp/libc_nano.a(lib_a-reent.o)
 .ARM.attributes
                0x00000000000006b8       0x2c /Users/yanli/arm/bin/../lib/gcc/arm-none-eabi/9.2.1/../../../../arm-none-eabi/lib/thumb/v6-m/nofp/libc_nano.a(lib_a-nano-msizer.o)
 .ARM.attributes
                0x00000000000006e4       0x2c /Users/yanli/arm/bin/../lib/gcc/arm-none-eabi/9.2.1/../../../../arm-none-eabi/lib/thumb/v6-m/nofp/libnosys.a(sbrk.o)
 .ARM.attributes
                0x0000000000000710       0x1e /Users/yanli/arm/bin/../lib/gcc/arm-none-eabi/9.2.1/thumb/v6-m/nofp/libgcc.a(_thumb1_case_shi.o)
 .ARM.attributes
                0x000000000000072e       0x1e /Users/yanli/arm/bin/../lib/gcc/arm-none-eabi/9.2.1/thumb/v6-m/nofp/libgcc.a(_udivsi3.o)
 .ARM.attributes
                0x000000000000074c       0x1e /Users/yanli/arm/bin/../lib/gcc/arm-none-eabi/9.2.1/thumb/v6-m/nofp/libgcc.a(_dvmd_tls.o)
 .ARM.attributes
                0x000000000000076a       0x1e /Users/yanli/arm/bin/../lib/gcc/arm-none-eabi/9.2.1/thumb/v6-m/nofp/libgcc.a(_aeabi_uldivmod.o)
 .ARM.attributes
                0x0000000000000788       0x2c /Users/yanli/arm/bin/../lib/gcc/arm-none-eabi/9.2.1/thumb/v6-m/nofp/libgcc.a(_udivmoddi4.o)
 .ARM.attributes
                0x00000000000007b4       0x1e /Users/yanli/arm/bin/../lib/gcc/arm-none-eabi/9.2.1/thumb/v6-m/nofp/libgcc.a(_clzsi2.o)
 .ARM.attributes
                0x00000000000007d2       0x1e /Users/yanli/arm/bin/../lib/gcc/arm-none-eabi/9.2.1/thumb/v6-m/nofp/libgcc.a(_clzdi2.o)
 .ARM.attributes
                0x00000000000007f0       0x1e /Users/yanli/arm/bin/../lib/gcc/arm-none-eabi/9.2.1/thumb/v6-m/nofp/crtn.o
OUTPUT(build/srf05.elf elf32-littlearm)

.debug_info     0x0000000000000000     0xf443
 .debug_info    0x0000000000000000     0x1d1d build/main.o
 .debug_info    0x0000000000001d1d      0x59a build/gpio.o
 .debug_info    0x00000000000022b7     0x1d54 build/user_func.o
 .debug_info    0x000000000000400b     0x1e01 build/fifo.o
 .debug_info    0x0000000000005e0c     0x1792 build/uart.o
 .debug_info    0x000000000000759e     0x17d3 build/tim.o
 .debug_info    0x0000000000008d71     0x1492 build/stm32l0xx_it.o
 .debug_info    0x000000000000a203      0x2b4 build/stm32l0xx_hal_msp.o
 .debug_info    0x000000000000a4b7     0x1ffc build/stm32l0xx_hal_uart.o
 .debug_info    0x000000000000c4b3      0x9c9 build/stm32l0xx_hal.o
 .debug_info    0x000000000000ce7c      0xe2d build/stm32l0xx_hal_rcc.o
 .debug_info    0x000000000000dca9      0x7f4 build/stm32l0xx_hal_gpio.o
 .debug_info    0x000000000000e49d      0xb56 build/stm32l0xx_hal_cortex.o
 .debug_info    0x000000000000eff3      0x42e build/system_stm32l0xx.o
 .debug_info    0x000000000000f421       0x22 build/startup_stm32l073xx.o

.debug_abbrev   0x0000000000000000     0x2125
 .debug_abbrev  0x0000000000000000      0x2cd build/main.o
 .debug_abbrev  0x00000000000002cd      0x17e build/gpio.o
 .debug_abbrev  0x000000000000044b      0x357 build/user_func.o
 .debug_abbrev  0x00000000000007a2      0x327 build/fifo.o
 .debug_abbrev  0x0000000000000ac9      0x281 build/uart.o
 .debug_abbrev  0x0000000000000d4a      0x292 build/tim.o
 .debug_abbrev  0x0000000000000fdc      0x231 build/stm32l0xx_it.o
 .debug_abbrev  0x000000000000120d       0xdb build/stm32l0xx_hal_msp.o
 .debug_abbrev  0x00000000000012e8      0x2bd build/stm32l0xx_hal_uart.o
 .debug_abbrev  0x00000000000015a5      0x28e build/stm32l0xx_hal.o
 .debug_abbrev  0x0000000000001833      0x2c0 build/stm32l0xx_hal_rcc.o
 .debug_abbrev  0x0000000000001af3      0x23e build/stm32l0xx_hal_gpio.o
 .debug_abbrev  0x0000000000001d31      0x2b4 build/stm32l0xx_hal_cortex.o
 .debug_abbrev  0x0000000000001fe5      0x12e build/system_stm32l0xx.o
 .debug_abbrev  0x0000000000002113       0x12 build/startup_stm32l073xx.o

.debug_loc      0x0000000000000000     0x48ce
 .debug_loc     0x0000000000000000       0x4d build/main.o
 .debug_loc     0x000000000000004d       0x38 build/gpio.o
 .debug_loc     0x0000000000000085      0x995 build/user_func.o
 .debug_loc     0x0000000000000a1a      0x3b0 build/fifo.o
 .debug_loc     0x0000000000000dca       0x7d build/uart.o
 .debug_loc     0x0000000000000e47       0xea build/tim.o
 .debug_loc     0x0000000000000f31       0x20 build/stm32l0xx_it.o
 .debug_loc     0x0000000000000f51     0x24a6 build/stm32l0xx_hal_uart.o
 .debug_loc     0x00000000000033f7      0x18a build/stm32l0xx_hal.o
 .debug_loc     0x0000000000003581      0x8d9 build/stm32l0xx_hal_rcc.o
 .debug_loc     0x0000000000003e5a      0x3f7 build/stm32l0xx_hal_gpio.o
 .debug_loc     0x0000000000004251      0x46e build/stm32l0xx_hal_cortex.o
 .debug_loc     0x00000000000046bf      0x20f build/system_stm32l0xx.o

.debug_aranges  0x0000000000000000      0x678
 .debug_aranges
                0x0000000000000000       0x30 build/main.o
 .debug_aranges
                0x0000000000000030       0x20 build/gpio.o
 .debug_aranges
                0x0000000000000050       0x80 build/user_func.o
 .debug_aranges
                0x00000000000000d0       0x38 build/fifo.o
 .debug_aranges
                0x0000000000000108       0x28 build/uart.o
 .debug_aranges
                0x0000000000000130       0x40 build/tim.o
 .debug_aranges
                0x0000000000000170       0x40 build/stm32l0xx_it.o
 .debug_aranges
                0x00000000000001b0       0x20 build/stm32l0xx_hal_msp.o
 .debug_aranges
                0x00000000000001d0      0x1f8 build/stm32l0xx_hal_uart.o
 .debug_aranges
                0x00000000000003c8       0xf8 build/stm32l0xx_hal.o
 .debug_aranges
                0x00000000000004c0       0x80 build/stm32l0xx_hal_rcc.o
 .debug_aranges
                0x0000000000000540       0x58 build/stm32l0xx_hal_gpio.o
 .debug_aranges
                0x0000000000000598       0x90 build/stm32l0xx_hal_cortex.o
 .debug_aranges
                0x0000000000000628       0x28 build/system_stm32l0xx.o
 .debug_aranges
                0x0000000000000650       0x28 build/startup_stm32l073xx.o

.debug_ranges   0x0000000000000000      0x608
 .debug_ranges  0x0000000000000000       0x20 build/main.o
 .debug_ranges  0x0000000000000020       0x10 build/gpio.o
 .debug_ranges  0x0000000000000030       0x70 build/user_func.o
 .debug_ranges  0x00000000000000a0       0x28 build/fifo.o
 .debug_ranges  0x00000000000000c8       0x18 build/uart.o
 .debug_ranges  0x00000000000000e0       0x30 build/tim.o
 .debug_ranges  0x0000000000000110       0x30 build/stm32l0xx_it.o
 .debug_ranges  0x0000000000000140       0x10 build/stm32l0xx_hal_msp.o
 .debug_ranges  0x0000000000000150      0x1e8 build/stm32l0xx_hal_uart.o
 .debug_ranges  0x0000000000000338       0xe8 build/stm32l0xx_hal.o
 .debug_ranges  0x0000000000000420       0xa0 build/stm32l0xx_hal_rcc.o
 .debug_ranges  0x00000000000004c0       0x48 build/stm32l0xx_hal_gpio.o
 .debug_ranges  0x0000000000000508       0xc8 build/stm32l0xx_hal_cortex.o
 .debug_ranges  0x00000000000005d0       0x18 build/system_stm32l0xx.o
 .debug_ranges  0x00000000000005e8       0x20 build/startup_stm32l073xx.o

.debug_line     0x0000000000000000     0x5dbc
 .debug_line    0x0000000000000000      0x39f build/main.o
 .debug_line    0x000000000000039f      0x253 build/gpio.o
 .debug_line    0x00000000000005f2      0x5c9 build/user_func.o
 .debug_line    0x0000000000000bbb      0x59d build/fifo.o
 .debug_line    0x0000000000001158      0x309 build/uart.o
 .debug_line    0x0000000000001461      0x35d build/tim.o
 .debug_line    0x00000000000017be      0x281 build/stm32l0xx_it.o
 .debug_line    0x0000000000001a3f      0x157 build/stm32l0xx_hal_msp.o
 .debug_line    0x0000000000001b96     0x20b4 build/stm32l0xx_hal_uart.o
 .debug_line    0x0000000000003c4a      0x515 build/stm32l0xx_hal.o
 .debug_line    0x000000000000415f      0xd55 build/stm32l0xx_hal_rcc.o
 .debug_line    0x0000000000004eb4      0x60d build/stm32l0xx_hal_gpio.o
 .debug_line    0x00000000000054c1      0x5cf build/stm32l0xx_hal_cortex.o
 .debug_line    0x0000000000005a90      0x2b4 build/system_stm32l0xx.o
 .debug_line    0x0000000000005d44       0x78 build/startup_stm32l073xx.o

.debug_str      0x0000000000000000     0x2777
 .debug_str     0x0000000000000000     0x1098 build/main.o
                                       0x1195 (size before relaxing)
 .debug_str     0x0000000000001098      0x121 build/gpio.o
                                        0x356 (size before relaxing)
 .debug_str     0x00000000000011b9      0x1a5 build/user_func.o
                                        0xee6 (size before relaxing)
 .debug_str     0x000000000000135e       0xe3 build/fifo.o
                                       0x106e (size before relaxing)
 .debug_str     0x0000000000001441      0x224 build/uart.o
                                        0xebc (size before relaxing)
 .debug_str     0x0000000000001665       0x48 build/tim.o
                                        0xebd (size before relaxing)
 .debug_str     0x00000000000016ad       0x6d build/stm32l0xx_it.o
                                        0xc0f (size before relaxing)
 .debug_str     0x000000000000171a       0x29 build/stm32l0xx_hal_msp.o
                                        0x29e (size before relaxing)
 .debug_str     0x0000000000001743      0x775 build/stm32l0xx_hal_uart.o
                                        0xe57 (size before relaxing)
 .debug_str     0x0000000000001eb8      0x33b build/stm32l0xx_hal.o
                                        0x813 (size before relaxing)
 .debug_str     0x00000000000021f3      0x155 build/stm32l0xx_hal_rcc.o
                                        0x724 (size before relaxing)
 .debug_str     0x0000000000002348       0xef build/stm32l0xx_hal_gpio.o
                                        0x4ab (size before relaxing)
 .debug_str     0x0000000000002437      0x2be build/stm32l0xx_hal_cortex.o
                                        0x786 (size before relaxing)
 .debug_str     0x00000000000026f5       0x5e build/system_stm32l0xx.o
                                        0x302 (size before relaxing)
 .debug_str     0x0000000000002753       0x24 build/startup_stm32l073xx.o
                                         0x56 (size before relaxing)

.comment        0x0000000000000000       0x79
 .comment       0x0000000000000000       0x79 build/main.o
                                         0x7a (size before relaxing)
 .comment       0x0000000000000079       0x7a build/gpio.o
 .comment       0x0000000000000079       0x7a build/user_func.o
 .comment       0x0000000000000079       0x7a build/fifo.o
 .comment       0x0000000000000079       0x7a build/uart.o
 .comment       0x0000000000000079       0x7a build/tim.o
 .comment       0x0000000000000079       0x7a build/stm32l0xx_it.o
 .comment       0x0000000000000079       0x7a build/stm32l0xx_hal_msp.o
 .comment       0x0000000000000079       0x7a build/stm32l0xx_hal_uart.o
 .comment       0x0000000000000079       0x7a build/stm32l0xx_hal.o
 .comment       0x0000000000000079       0x7a build/stm32l0xx_hal_rcc.o
 .comment       0x0000000000000079       0x7a build/stm32l0xx_hal_gpio.o
 .comment       0x0000000000000079       0x7a build/stm32l0xx_hal_cortex.o
 .comment       0x0000000000000079       0x7a build/system_stm32l0xx.o

.debug_frame    0x0000000000000000     0x169c
 .debug_frame   0x0000000000000000       0x58 build/main.o
 .debug_frame   0x0000000000000058       0x3c build/gpio.o
 .debug_frame   0x0000000000000094      0x184 build/user_func.o
 .debug_frame   0x0000000000000218       0x68 build/fifo.o
 .debug_frame   0x0000000000000280       0x48 build/uart.o
 .debug_frame   0x00000000000002c8       0x7c build/tim.o
 .debug_frame   0x0000000000000344       0x6c build/stm32l0xx_it.o
 .debug_frame   0x00000000000003b0       0x20 build/stm32l0xx_hal_msp.o
 .debug_frame   0x00000000000003d0      0x618 build/stm32l0xx_hal_uart.o
 .debug_frame   0x00000000000009e8      0x204 build/stm32l0xx_hal.o
 .debug_frame   0x0000000000000bec      0x168 build/stm32l0xx_hal_rcc.o
 .debug_frame   0x0000000000000d54       0xd8 build/stm32l0xx_hal_gpio.o
 .debug_frame   0x0000000000000e2c      0x11c build/stm32l0xx_hal_cortex.o
 .debug_frame   0x0000000000000f48       0x3c build/system_stm32l0xx.o
 .debug_frame   0x0000000000000f84       0x2c /Users/yanli/arm/bin/../lib/gcc/arm-none-eabi/9.2.1/../../../../arm-none-eabi/lib/thumb/v6-m/nofp/libc_nano.a(lib_a-init.o)
 .debug_frame   0x0000000000000fb0       0x28 /Users/yanli/arm/bin/../lib/gcc/arm-none-eabi/9.2.1/../../../../arm-none-eabi/lib/thumb/v6-m/nofp/libc_nano.a(lib_a-memcpy-stub.o)
 .debug_frame   0x0000000000000fd8       0x20 /Users/yanli/arm/bin/../lib/gcc/arm-none-eabi/9.2.1/../../../../arm-none-eabi/lib/thumb/v6-m/nofp/libc_nano.a(lib_a-memset.o)
 .debug_frame   0x0000000000000ff8       0x48 /Users/yanli/arm/bin/../lib/gcc/arm-none-eabi/9.2.1/../../../../arm-none-eabi/lib/thumb/v6-m/nofp/libc_nano.a(lib_a-sprintf.o)
 .debug_frame   0x0000000000001040       0x20 /Users/yanli/arm/bin/../lib/gcc/arm-none-eabi/9.2.1/../../../../arm-none-eabi/lib/thumb/v6-m/nofp/libc_nano.a(lib_a-strcmp.o)
 .debug_frame   0x0000000000001060       0x30 /Users/yanli/arm/bin/../lib/gcc/arm-none-eabi/9.2.1/../../../../arm-none-eabi/lib/thumb/v6-m/nofp/libc_nano.a(lib_a-strtok.o)
 .debug_frame   0x0000000000001090       0x48 /Users/yanli/arm/bin/../lib/gcc/arm-none-eabi/9.2.1/../../../../arm-none-eabi/lib/thumb/v6-m/nofp/libc_nano.a(lib_a-strtok_r.o)
 .debug_frame   0x00000000000010d8       0x78 /Users/yanli/arm/bin/../lib/gcc/arm-none-eabi/9.2.1/../../../../arm-none-eabi/lib/thumb/v6-m/nofp/libc_nano.a(lib_a-strtol.o)
 .debug_frame   0x0000000000001150      0x170 /Users/yanli/arm/bin/../lib/gcc/arm-none-eabi/9.2.1/../../../../arm-none-eabi/lib/thumb/v6-m/nofp/libc_nano.a(lib_a-findfp.o)
 .debug_frame   0x00000000000012c0       0xb0 /Users/yanli/arm/bin/../lib/gcc/arm-none-eabi/9.2.1/../../../../arm-none-eabi/lib/thumb/v6-m/nofp/libc_nano.a(lib_a-lock.o)
 .debug_frame   0x0000000000001370       0x40 /Users/yanli/arm/bin/../lib/gcc/arm-none-eabi/9.2.1/../../../../arm-none-eabi/lib/thumb/v6-m/nofp/libc_nano.a(lib_a-malloc.o)
 .debug_frame   0x00000000000013b0       0x2c /Users/yanli/arm/bin/../lib/gcc/arm-none-eabi/9.2.1/../../../../arm-none-eabi/lib/thumb/v6-m/nofp/libc_nano.a(lib_a-nano-freer.o)
 .debug_frame   0x00000000000013dc       0x30 /Users/yanli/arm/bin/../lib/gcc/arm-none-eabi/9.2.1/../../../../arm-none-eabi/lib/thumb/v6-m/nofp/libc_nano.a(lib_a-nano-mallocr.o)
 .debug_frame   0x000000000000140c       0x74 /Users/yanli/arm/bin/../lib/gcc/arm-none-eabi/9.2.1/../../../../arm-none-eabi/lib/thumb/v6-m/nofp/libc_nano.a(lib_a-nano-svfprintf.o)
 .debug_frame   0x0000000000001480       0x54 /Users/yanli/arm/bin/../lib/gcc/arm-none-eabi/9.2.1/../../../../arm-none-eabi/lib/thumb/v6-m/nofp/libc_nano.a(lib_a-nano-vfprintf_i.o)
 .debug_frame   0x00000000000014d4       0x2c /Users/yanli/arm/bin/../lib/gcc/arm-none-eabi/9.2.1/../../../../arm-none-eabi/lib/thumb/v6-m/nofp/libc_nano.a(lib_a-sbrkr.o)
 .debug_frame   0x0000000000001500       0x20 /Users/yanli/arm/bin/../lib/gcc/arm-none-eabi/9.2.1/../../../../arm-none-eabi/lib/thumb/v6-m/nofp/libc_nano.a(lib_a-memchr-stub.o)
 .debug_frame   0x0000000000001520       0x28 /Users/yanli/arm/bin/../lib/gcc/arm-none-eabi/9.2.1/../../../../arm-none-eabi/lib/thumb/v6-m/nofp/libc_nano.a(lib_a-memmove.o)
 .debug_frame   0x0000000000001548       0x40 /Users/yanli/arm/bin/../lib/gcc/arm-none-eabi/9.2.1/../../../../arm-none-eabi/lib/thumb/v6-m/nofp/libc_nano.a(lib_a-mlock.o)
 .debug_frame   0x0000000000001588       0x30 /Users/yanli/arm/bin/../lib/gcc/arm-none-eabi/9.2.1/../../../../arm-none-eabi/lib/thumb/v6-m/nofp/libc_nano.a(lib_a-nano-reallocr.o)
 .debug_frame   0x00000000000015b8       0x48 /Users/yanli/arm/bin/../lib/gcc/arm-none-eabi/9.2.1/../../../../arm-none-eabi/lib/thumb/v6-m/nofp/libc_nano.a(lib_a-reent.o)
 .debug_frame   0x0000000000001600       0x20 /Users/yanli/arm/bin/../lib/gcc/arm-none-eabi/9.2.1/../../../../arm-none-eabi/lib/thumb/v6-m/nofp/libc_nano.a(lib_a-nano-msizer.o)
 .debug_frame   0x0000000000001620       0x20 /Users/yanli/arm/bin/../lib/gcc/arm-none-eabi/9.2.1/../../../../arm-none-eabi/lib/thumb/v6-m/nofp/libnosys.a(sbrk.o)
 .debug_frame   0x0000000000001640       0x20 /Users/yanli/arm/bin/../lib/gcc/arm-none-eabi/9.2.1/thumb/v6-m/nofp/libgcc.a(_udivsi3.o)
 .debug_frame   0x0000000000001660       0x3c /Users/yanli/arm/bin/../lib/gcc/arm-none-eabi/9.2.1/thumb/v6-m/nofp/libgcc.a(_udivmoddi4.o)

.stabstr        0x0000000000000000      0x117
 .stabstr       0x0000000000000000      0x117 /Users/yanli/arm/bin/../lib/gcc/arm-none-eabi/9.2.1/../../../../arm-none-eabi/lib/thumb/v6-m/nofp/libnosys.a(close.o)

Cross Reference Table

Symbol                                            File
ADC1_COMP_IRQHandler                              build/startup_stm32l073xx.o
ADDR                                              build/stm32l0xx_it.o
                                                  build/tim.o
                                                  build/uart.o
                                                  build/fifo.o
                                                  build/main.o
                                                  build/user_func.o
AHBPrescTable                                     build/system_stm32l0xx.o
                                                  build/stm32l0xx_hal_rcc.o
APBPrescTable                                     build/system_stm32l0xx.o
                                                  build/stm32l0xx_hal_rcc.o
CheckI2CStatus                                    build/user_func.o
DMA1_Channel1_IRQHandler                          build/startup_stm32l073xx.o
DMA1_Channel2_3_IRQHandler                        build/startup_stm32l073xx.o
DMA1_Channel4_5_6_7_IRQHandler                    build/startup_stm32l073xx.o
Default_Handler                                   build/startup_stm32l073xx.o
EXTI0_1_IRQHandler                                build/startup_stm32l073xx.o
EXTI2_3_IRQHandler                                build/startup_stm32l073xx.o
EXTI4_15_IRQHandler                               build/startup_stm32l073xx.o
Error_Handler                                     build/main.o
                                                  build/uart.o
FLASH_IRQHandler                                  build/startup_stm32l073xx.o
FLASH_PageErase                                   build/stm32l0xx_hal_flash_ex.o
                                                  build/stm32l0xx_hal_flash.o
FLASH_WaitForLastOperation                        build/stm32l0xx_hal_flash.o
                                                  build/stm32l0xx_hal_flash_ex.o
HAL_DBGMCU_DBG_DisableLowPowerConfig              build/stm32l0xx_hal.o
HAL_DBGMCU_DBG_EnableLowPowerConfig               build/stm32l0xx_hal.o
HAL_DBGMCU_DisableDBGSleepMode                    build/stm32l0xx_hal.o
HAL_DBGMCU_DisableDBGStandbyMode                  build/stm32l0xx_hal.o
HAL_DBGMCU_DisableDBGStopMode                     build/stm32l0xx_hal.o
HAL_DBGMCU_EnableDBGSleepMode                     build/stm32l0xx_hal.o
HAL_DBGMCU_EnableDBGStandbyMode                   build/stm32l0xx_hal.o
HAL_DBGMCU_EnableDBGStopMode                      build/stm32l0xx_hal.o
HAL_DMA_Abort                                     build/stm32l0xx_hal_dma.o
                                                  build/stm32l0xx_hal_usart.o
                                                  build/stm32l0xx_hal_uart.o
HAL_DMA_Abort_IT                                  build/stm32l0xx_hal_dma.o
                                                  build/stm32l0xx_hal_i2c.o
                                                  build/stm32l0xx_hal_usart.o
                                                  build/stm32l0xx_hal_uart.o
                                                  build/stm32l0xx_hal_tim.o
HAL_DMA_DeInit                                    build/stm32l0xx_hal_dma.o
HAL_DMA_GetError                                  build/stm32l0xx_hal_dma.o
                                                  build/stm32l0xx_hal_usart.o
                                                  build/stm32l0xx_hal_uart.o
HAL_DMA_GetState                                  build/stm32l0xx_hal_dma.o
HAL_DMA_IRQHandler                                build/stm32l0xx_hal_dma.o
HAL_DMA_Init                                      build/stm32l0xx_hal_dma.o
HAL_DMA_PollForTransfer                           build/stm32l0xx_hal_dma.o
HAL_DMA_RegisterCallback                          build/stm32l0xx_hal_dma.o
HAL_DMA_Start                                     build/stm32l0xx_hal_dma.o
HAL_DMA_Start_IT                                  build/stm32l0xx_hal_dma.o
                                                  build/stm32l0xx_hal_i2c.o
                                                  build/stm32l0xx_hal_usart.o
                                                  build/stm32l0xx_hal_uart.o
                                                  build/stm32l0xx_hal_tim.o
HAL_DMA_UnRegisterCallback                        build/stm32l0xx_hal_dma.o
HAL_DeInit                                        build/stm32l0xx_hal.o
HAL_Delay                                         build/stm32l0xx_hal.o
                                                  build/main.o
HAL_FLASHEx_AdvOBGetConfig                        build/stm32l0xx_hal_flash_ex.o
HAL_FLASHEx_AdvOBProgram                          build/stm32l0xx_hal_flash_ex.o
HAL_FLASHEx_DATAEEPROM_DisableFixedTimeProgram    build/stm32l0xx_hal_flash_ex.o
HAL_FLASHEx_DATAEEPROM_EnableFixedTimeProgram     build/stm32l0xx_hal_flash_ex.o
HAL_FLASHEx_DATAEEPROM_Erase                      build/stm32l0xx_hal_flash_ex.o
HAL_FLASHEx_DATAEEPROM_Lock                       build/stm32l0xx_hal_flash_ex.o
HAL_FLASHEx_DATAEEPROM_Program                    build/stm32l0xx_hal_flash_ex.o
HAL_FLASHEx_DATAEEPROM_Unlock                     build/stm32l0xx_hal_flash_ex.o
HAL_FLASHEx_DisableRunPowerDown                   build/stm32l0xx_hal_flash_ramfunc.o
HAL_FLASHEx_EnableRunPowerDown                    build/stm32l0xx_hal_flash_ramfunc.o
HAL_FLASHEx_Erase                                 build/stm32l0xx_hal_flash_ex.o
HAL_FLASHEx_EraseParallelPage                     build/stm32l0xx_hal_flash_ramfunc.o
HAL_FLASHEx_Erase_IT                              build/stm32l0xx_hal_flash_ex.o
HAL_FLASHEx_GetError                              build/stm32l0xx_hal_flash_ramfunc.o
HAL_FLASHEx_HalfPageProgram                       build/stm32l0xx_hal_flash_ramfunc.o
HAL_FLASHEx_OBGetConfig                           build/stm32l0xx_hal_flash_ex.o
HAL_FLASHEx_OBProgram                             build/stm32l0xx_hal_flash_ex.o
HAL_FLASHEx_OB_DeSelectPCROP                      build/stm32l0xx_hal_flash_ex.o
HAL_FLASHEx_OB_SelectPCROP                        build/stm32l0xx_hal_flash_ex.o
HAL_FLASHEx_ProgramParallelHalfPage               build/stm32l0xx_hal_flash_ramfunc.o
HAL_FLASH_EndOfOperationCallback                  build/stm32l0xx_hal_flash.o
HAL_FLASH_GetError                                build/stm32l0xx_hal_flash.o
HAL_FLASH_IRQHandler                              build/stm32l0xx_hal_flash.o
HAL_FLASH_Lock                                    build/stm32l0xx_hal_flash.o
HAL_FLASH_OB_Launch                               build/stm32l0xx_hal_flash.o
HAL_FLASH_OB_Lock                                 build/stm32l0xx_hal_flash.o
HAL_FLASH_OB_Unlock                               build/stm32l0xx_hal_flash.o
HAL_FLASH_OperationErrorCallback                  build/stm32l0xx_hal_flash.o
HAL_FLASH_Program                                 build/stm32l0xx_hal_flash.o
HAL_FLASH_Program_IT                              build/stm32l0xx_hal_flash.o
HAL_FLASH_Unlock                                  build/stm32l0xx_hal_flash.o
HAL_GPIO_DeInit                                   build/stm32l0xx_hal_gpio.o
HAL_GPIO_EXTI_Callback                            build/stm32l0xx_hal_gpio.o
HAL_GPIO_EXTI_IRQHandler                          build/stm32l0xx_hal_gpio.o
HAL_GPIO_Init                                     build/stm32l0xx_hal_gpio.o
                                                  build/stm32l0xx_hal_rcc.o
                                                  build/gpio.o
HAL_GPIO_LockPin                                  build/stm32l0xx_hal_gpio.o
HAL_GPIO_ReadPin                                  build/stm32l0xx_hal_gpio.o
HAL_GPIO_TogglePin                                build/stm32l0xx_hal_gpio.o
                                                  build/main.o
HAL_GPIO_WritePin                                 build/stm32l0xx_hal_gpio.o
                                                  build/gpio.o
HAL_GetDEVID                                      build/stm32l0xx_hal.o
HAL_GetHalVersion                                 build/stm32l0xx_hal.o
HAL_GetREVID                                      build/stm32l0xx_hal.o
HAL_GetTick                                       build/stm32l0xx_hal.o
                                                  build/stm32l0xx_hal_dma.o
                                                  build/stm32l0xx_hal_flash.o
                                                  build/stm32l0xx_hal_rcc_ex.o
                                                  build/stm32l0xx_hal_rcc.o
                                                  build/stm32l0xx_hal_i2c.o
                                                  build/stm32l0xx_hal_uart_ex.o
                                                  build/stm32l0xx_hal_usart.o
                                                  build/stm32l0xx_hal_uart.o
HAL_GetUIDw0                                      build/stm32l0xx_hal.o
HAL_GetUIDw1                                      build/stm32l0xx_hal.o
HAL_GetUIDw2                                      build/stm32l0xx_hal.o
HAL_HalfDuplex_EnableReceiver                     build/stm32l0xx_hal_uart.o
HAL_HalfDuplex_EnableTransmitter                  build/stm32l0xx_hal_uart.o
HAL_HalfDuplex_Init                               build/stm32l0xx_hal_uart.o
HAL_I2CEx_ConfigAnalogFilter                      build/stm32l0xx_hal_i2c_ex.o
HAL_I2CEx_ConfigDigitalFilter                     build/stm32l0xx_hal_i2c_ex.o
HAL_I2CEx_DisableFastModePlus                     build/stm32l0xx_hal_i2c_ex.o
HAL_I2CEx_DisableWakeUp                           build/stm32l0xx_hal_i2c_ex.o
HAL_I2CEx_EnableFastModePlus                      build/stm32l0xx_hal_i2c_ex.o
HAL_I2CEx_EnableWakeUp                            build/stm32l0xx_hal_i2c_ex.o
HAL_I2C_AbortCpltCallback                         build/stm32l0xx_hal_i2c.o
HAL_I2C_AddrCallback                              build/stm32l0xx_hal_i2c.o
HAL_I2C_DeInit                                    build/stm32l0xx_hal_i2c.o
HAL_I2C_DisableListen_IT                          build/stm32l0xx_hal_i2c.o
HAL_I2C_ER_IRQHandler                             build/stm32l0xx_hal_i2c.o
HAL_I2C_EV_IRQHandler                             build/stm32l0xx_hal_i2c.o
HAL_I2C_EnableListen_IT                           build/stm32l0xx_hal_i2c.o
HAL_I2C_ErrorCallback                             build/stm32l0xx_hal_i2c.o
HAL_I2C_GetError                                  build/stm32l0xx_hal_i2c.o
HAL_I2C_GetMode                                   build/stm32l0xx_hal_i2c.o
HAL_I2C_GetState                                  build/stm32l0xx_hal_i2c.o
HAL_I2C_Init                                      build/stm32l0xx_hal_i2c.o
HAL_I2C_IsDeviceReady                             build/stm32l0xx_hal_i2c.o
                                                  build/user_func.o
HAL_I2C_ListenCpltCallback                        build/stm32l0xx_hal_i2c.o
HAL_I2C_MasterRxCpltCallback                      build/stm32l0xx_hal_i2c.o
HAL_I2C_MasterTxCpltCallback                      build/stm32l0xx_hal_i2c.o
HAL_I2C_Master_Abort_IT                           build/stm32l0xx_hal_i2c.o
HAL_I2C_Master_Receive                            build/stm32l0xx_hal_i2c.o
                                                  build/user_func.o
HAL_I2C_Master_Receive_DMA                        build/stm32l0xx_hal_i2c.o
HAL_I2C_Master_Receive_IT                         build/stm32l0xx_hal_i2c.o
HAL_I2C_Master_Seq_Receive_DMA                    build/stm32l0xx_hal_i2c.o
HAL_I2C_Master_Seq_Receive_IT                     build/stm32l0xx_hal_i2c.o
HAL_I2C_Master_Seq_Transmit_DMA                   build/stm32l0xx_hal_i2c.o
HAL_I2C_Master_Seq_Transmit_IT                    build/stm32l0xx_hal_i2c.o
HAL_I2C_Master_Transmit                           build/stm32l0xx_hal_i2c.o
                                                  build/user_func.o
HAL_I2C_Master_Transmit_DMA                       build/stm32l0xx_hal_i2c.o
HAL_I2C_Master_Transmit_IT                        build/stm32l0xx_hal_i2c.o
HAL_I2C_MemRxCpltCallback                         build/stm32l0xx_hal_i2c.o
HAL_I2C_MemTxCpltCallback                         build/stm32l0xx_hal_i2c.o
HAL_I2C_Mem_Read                                  build/stm32l0xx_hal_i2c.o
                                                  build/user_func.o
HAL_I2C_Mem_Read_DMA                              build/stm32l0xx_hal_i2c.o
HAL_I2C_Mem_Read_IT                               build/stm32l0xx_hal_i2c.o
HAL_I2C_Mem_Write                                 build/stm32l0xx_hal_i2c.o
                                                  build/user_func.o
HAL_I2C_Mem_Write_DMA                             build/stm32l0xx_hal_i2c.o
HAL_I2C_Mem_Write_IT                              build/stm32l0xx_hal_i2c.o
HAL_I2C_MspDeInit                                 build/stm32l0xx_hal_i2c.o
HAL_I2C_MspInit                                   build/stm32l0xx_hal_i2c.o
HAL_I2C_SlaveRxCpltCallback                       build/stm32l0xx_hal_i2c.o
HAL_I2C_SlaveTxCpltCallback                       build/stm32l0xx_hal_i2c.o
HAL_I2C_Slave_Receive                             build/stm32l0xx_hal_i2c.o
HAL_I2C_Slave_Receive_DMA                         build/stm32l0xx_hal_i2c.o
HAL_I2C_Slave_Receive_IT                          build/stm32l0xx_hal_i2c.o
HAL_I2C_Slave_Seq_Receive_DMA                     build/stm32l0xx_hal_i2c.o
HAL_I2C_Slave_Seq_Receive_IT                      build/stm32l0xx_hal_i2c.o
HAL_I2C_Slave_Seq_Transmit_DMA                    build/stm32l0xx_hal_i2c.o
HAL_I2C_Slave_Seq_Transmit_IT                     build/stm32l0xx_hal_i2c.o
HAL_I2C_Slave_Transmit                            build/stm32l0xx_hal_i2c.o
HAL_I2C_Slave_Transmit_DMA                        build/stm32l0xx_hal_i2c.o
HAL_I2C_Slave_Transmit_IT                         build/stm32l0xx_hal_i2c.o
HAL_IncTick                                       build/stm32l0xx_hal.o
                                                  build/stm32l0xx_it.o
HAL_Init                                          build/stm32l0xx_hal.o
                                                  build/main.o
HAL_InitTick                                      build/stm32l0xx_hal.o
                                                  build/stm32l0xx_hal_rcc.o
HAL_LIN_Init                                      build/stm32l0xx_hal_uart.o
HAL_LIN_SendBreak                                 build/stm32l0xx_hal_uart.o
HAL_MPU_ConfigRegion                              build/stm32l0xx_hal_cortex.o
HAL_MPU_Disable                                   build/stm32l0xx_hal_cortex.o
HAL_MPU_Enable                                    build/stm32l0xx_hal_cortex.o
HAL_MspDeInit                                     build/stm32l0xx_hal.o
HAL_MspInit                                       build/stm32l0xx_hal_msp.o
HAL_MultiProcessorEx_AddressLength_Set            build/stm32l0xx_hal_uart_ex.o
HAL_MultiProcessor_DisableMuteMode                build/stm32l0xx_hal_uart.o
HAL_MultiProcessor_EnableMuteMode                 build/stm32l0xx_hal_uart.o
HAL_MultiProcessor_EnterMuteMode                  build/stm32l0xx_hal_uart.o
HAL_MultiProcessor_Init                           build/stm32l0xx_hal_uart.o
HAL_NVIC_ClearPendingIRQ                          build/stm32l0xx_hal_cortex.o
HAL_NVIC_DisableIRQ                               build/stm32l0xx_hal_cortex.o
HAL_NVIC_EnableIRQ                                build/stm32l0xx_hal_cortex.o
                                                  build/tim.o
                                                  build/uart.o
HAL_NVIC_GetPendingIRQ                            build/stm32l0xx_hal_cortex.o
HAL_NVIC_GetPriority                              build/stm32l0xx_hal_cortex.o
HAL_NVIC_SetPendingIRQ                            build/stm32l0xx_hal_cortex.o
HAL_NVIC_SetPriority                              build/stm32l0xx_hal_cortex.o
                                                  build/stm32l0xx_hal.o
                                                  build/tim.o
                                                  build/uart.o
HAL_NVIC_SystemReset                              build/stm32l0xx_hal_cortex.o
HAL_PWREx_DisableFastWakeUp                       build/stm32l0xx_hal_pwr_ex.o
HAL_PWREx_DisableLowPowerRunMode                  build/stm32l0xx_hal_pwr_ex.o
HAL_PWREx_DisableUltraLowPower                    build/stm32l0xx_hal_pwr_ex.o
HAL_PWREx_EnableFastWakeUp                        build/stm32l0xx_hal_pwr_ex.o
HAL_PWREx_EnableLowPowerRunMode                   build/stm32l0xx_hal_pwr_ex.o
HAL_PWREx_EnableUltraLowPower                     build/stm32l0xx_hal_pwr_ex.o
HAL_PWREx_GetVoltageRange                         build/stm32l0xx_hal_pwr_ex.o
HAL_PWR_ConfigPVD                                 build/stm32l0xx_hal_pwr.o
HAL_PWR_DeInit                                    build/stm32l0xx_hal_pwr.o
HAL_PWR_DisableBkUpAccess                         build/stm32l0xx_hal_pwr.o
HAL_PWR_DisablePVD                                build/stm32l0xx_hal_pwr.o
HAL_PWR_DisableSEVOnPend                          build/stm32l0xx_hal_pwr.o
HAL_PWR_DisableSleepOnExit                        build/stm32l0xx_hal_pwr.o
HAL_PWR_DisableWakeUpPin                          build/stm32l0xx_hal_pwr.o
HAL_PWR_EnableBkUpAccess                          build/stm32l0xx_hal_pwr.o
HAL_PWR_EnablePVD                                 build/stm32l0xx_hal_pwr.o
HAL_PWR_EnableSEVOnPend                           build/stm32l0xx_hal_pwr.o
HAL_PWR_EnableSleepOnExit                         build/stm32l0xx_hal_pwr.o
HAL_PWR_EnableWakeUpPin                           build/stm32l0xx_hal_pwr.o
HAL_PWR_EnterSLEEPMode                            build/stm32l0xx_hal_pwr.o
HAL_PWR_EnterSTANDBYMode                          build/stm32l0xx_hal_pwr.o
HAL_PWR_EnterSTOPMode                             build/stm32l0xx_hal_pwr.o
HAL_PWR_PVDCallback                               build/stm32l0xx_hal_pwr.o
HAL_PWR_PVD_IRQHandler                            build/stm32l0xx_hal_pwr.o
HAL_RCCEx_CRSConfig                               build/stm32l0xx_hal_rcc_ex.o
HAL_RCCEx_CRSGetSynchronizationInfo               build/stm32l0xx_hal_rcc_ex.o
HAL_RCCEx_CRSSoftwareSynchronizationGenerate      build/stm32l0xx_hal_rcc_ex.o
HAL_RCCEx_CRSWaitSynchronization                  build/stm32l0xx_hal_rcc_ex.o
HAL_RCCEx_CRS_ErrorCallback                       build/stm32l0xx_hal_rcc_ex.o
HAL_RCCEx_CRS_ExpectedSyncCallback                build/stm32l0xx_hal_rcc_ex.o
HAL_RCCEx_CRS_IRQHandler                          build/stm32l0xx_hal_rcc_ex.o
HAL_RCCEx_CRS_SyncOkCallback                      build/stm32l0xx_hal_rcc_ex.o
HAL_RCCEx_CRS_SyncWarnCallback                    build/stm32l0xx_hal_rcc_ex.o
HAL_RCCEx_DisableHSI48_VREFINT                    build/stm32l0xx_hal_rcc_ex.o
HAL_RCCEx_DisableLSECSS                           build/stm32l0xx_hal_rcc_ex.o
HAL_RCCEx_EnableHSI48_VREFINT                     build/stm32l0xx_hal_rcc_ex.o
HAL_RCCEx_EnableLSECSS                            build/stm32l0xx_hal_rcc_ex.o
HAL_RCCEx_EnableLSECSS_IT                         build/stm32l0xx_hal_rcc_ex.o
HAL_RCCEx_GetPeriphCLKConfig                      build/stm32l0xx_hal_rcc_ex.o
HAL_RCCEx_GetPeriphCLKFreq                        build/stm32l0xx_hal_rcc_ex.o
HAL_RCCEx_LSECSS_Callback                         build/stm32l0xx_hal_rcc_ex.o
HAL_RCCEx_LSECSS_IRQHandler                       build/stm32l0xx_hal_rcc_ex.o
HAL_RCCEx_PeriphCLKConfig                         build/stm32l0xx_hal_rcc_ex.o
HAL_RCC_CSSCallback                               build/stm32l0xx_hal_rcc.o
HAL_RCC_ClockConfig                               build/stm32l0xx_hal_rcc.o
                                                  build/main.o
HAL_RCC_DeInit                                    build/stm32l0xx_hal_rcc.o
HAL_RCC_EnableCSS                                 build/stm32l0xx_hal_rcc.o
HAL_RCC_GetClockConfig                            build/stm32l0xx_hal_rcc.o
HAL_RCC_GetHCLKFreq                               build/stm32l0xx_hal_rcc.o
HAL_RCC_GetOscConfig                              build/stm32l0xx_hal_rcc.o
HAL_RCC_GetPCLK1Freq                              build/stm32l0xx_hal_rcc.o
                                                  build/stm32l0xx_hal_rcc_ex.o
                                                  build/stm32l0xx_hal_usart.o
                                                  build/stm32l0xx_hal_uart.o
HAL_RCC_GetPCLK2Freq                              build/stm32l0xx_hal_rcc.o
                                                  build/stm32l0xx_hal_rcc_ex.o
                                                  build/stm32l0xx_hal_usart.o
                                                  build/stm32l0xx_hal_uart.o
HAL_RCC_GetSysClockFreq                           build/stm32l0xx_hal_rcc.o
                                                  build/stm32l0xx_hal_rcc_ex.o
                                                  build/stm32l0xx_hal_usart.o
                                                  build/stm32l0xx_hal_uart.o
HAL_RCC_MCOConfig                                 build/stm32l0xx_hal_rcc.o
                                                  build/main.o
HAL_RCC_NMI_IRQHandler                            build/stm32l0xx_hal_rcc.o
HAL_RCC_OscConfig                                 build/stm32l0xx_hal_rcc.o
                                                  build/main.o
HAL_RS485Ex_Init                                  build/stm32l0xx_hal_uart_ex.o
HAL_ResumeTick                                    build/stm32l0xx_hal.o
HAL_SYSCFG_Disable_Lock_VREFINT                   build/stm32l0xx_hal.o
HAL_SYSCFG_Enable_Lock_VREFINT                    build/stm32l0xx_hal.o
HAL_SYSCFG_GetBootMode                            build/stm32l0xx_hal.o
HAL_SYSCFG_VREFINT_OutputSelect                   build/stm32l0xx_hal.o
HAL_SYSTICK_CLKSourceConfig                       build/stm32l0xx_hal_cortex.o
HAL_SYSTICK_Callback                              build/stm32l0xx_hal_cortex.o
HAL_SYSTICK_Config                                build/stm32l0xx_hal_cortex.o
                                                  build/stm32l0xx_hal.o
HAL_SYSTICK_IRQHandler                            build/stm32l0xx_hal_cortex.o
HAL_SuspendTick                                   build/stm32l0xx_hal.o
HAL_TIMEx_MasterConfigSynchronization             build/stm32l0xx_hal_tim_ex.o
HAL_TIMEx_RemapConfig                             build/stm32l0xx_hal_tim_ex.o
HAL_TIM_Base_DeInit                               build/stm32l0xx_hal_tim.o
HAL_TIM_Base_GetState                             build/stm32l0xx_hal_tim.o
HAL_TIM_Base_Init                                 build/stm32l0xx_hal_tim.o
HAL_TIM_Base_MspDeInit                            build/stm32l0xx_hal_tim.o
HAL_TIM_Base_MspInit                              build/stm32l0xx_hal_tim.o
HAL_TIM_Base_Start                                build/stm32l0xx_hal_tim.o
HAL_TIM_Base_Start_DMA                            build/stm32l0xx_hal_tim.o
HAL_TIM_Base_Start_IT                             build/stm32l0xx_hal_tim.o
HAL_TIM_Base_Stop                                 build/stm32l0xx_hal_tim.o
HAL_TIM_Base_Stop_DMA                             build/stm32l0xx_hal_tim.o
HAL_TIM_Base_Stop_IT                              build/stm32l0xx_hal_tim.o
HAL_TIM_ConfigClockSource                         build/stm32l0xx_hal_tim.o
HAL_TIM_ConfigOCrefClear                          build/stm32l0xx_hal_tim.o
HAL_TIM_ConfigTI1Input                            build/stm32l0xx_hal_tim.o
HAL_TIM_DMABurst_ReadStart                        build/stm32l0xx_hal_tim.o
HAL_TIM_DMABurst_ReadStop                         build/stm32l0xx_hal_tim.o
HAL_TIM_DMABurst_WriteStart                       build/stm32l0xx_hal_tim.o
HAL_TIM_DMABurst_WriteStop                        build/stm32l0xx_hal_tim.o
HAL_TIM_Encoder_DeInit                            build/stm32l0xx_hal_tim.o
HAL_TIM_Encoder_GetState                          build/stm32l0xx_hal_tim.o
HAL_TIM_Encoder_Init                              build/stm32l0xx_hal_tim.o
HAL_TIM_Encoder_MspDeInit                         build/stm32l0xx_hal_tim.o
HAL_TIM_Encoder_MspInit                           build/stm32l0xx_hal_tim.o
HAL_TIM_Encoder_Start                             build/stm32l0xx_hal_tim.o
HAL_TIM_Encoder_Start_DMA                         build/stm32l0xx_hal_tim.o
HAL_TIM_Encoder_Start_IT                          build/stm32l0xx_hal_tim.o
HAL_TIM_Encoder_Stop                              build/stm32l0xx_hal_tim.o
HAL_TIM_Encoder_Stop_DMA                          build/stm32l0xx_hal_tim.o
HAL_TIM_Encoder_Stop_IT                           build/stm32l0xx_hal_tim.o
HAL_TIM_ErrorCallback                             build/stm32l0xx_hal_tim.o
HAL_TIM_GenerateEvent                             build/stm32l0xx_hal_tim.o
HAL_TIM_IC_CaptureCallback                        build/stm32l0xx_hal_tim.o
HAL_TIM_IC_CaptureHalfCpltCallback                build/stm32l0xx_hal_tim.o
HAL_TIM_IC_ConfigChannel                          build/stm32l0xx_hal_tim.o
HAL_TIM_IC_DeInit                                 build/stm32l0xx_hal_tim.o
HAL_TIM_IC_GetState                               build/stm32l0xx_hal_tim.o
HAL_TIM_IC_Init                                   build/stm32l0xx_hal_tim.o
HAL_TIM_IC_MspDeInit                              build/stm32l0xx_hal_tim.o
HAL_TIM_IC_MspInit                                build/stm32l0xx_hal_tim.o
HAL_TIM_IC_Start                                  build/stm32l0xx_hal_tim.o
HAL_TIM_IC_Start_DMA                              build/stm32l0xx_hal_tim.o
HAL_TIM_IC_Start_IT                               build/stm32l0xx_hal_tim.o
HAL_TIM_IC_Stop                                   build/stm32l0xx_hal_tim.o
HAL_TIM_IC_Stop_DMA                               build/stm32l0xx_hal_tim.o
HAL_TIM_IC_Stop_IT                                build/stm32l0xx_hal_tim.o
HAL_TIM_IRQHandler                                build/stm32l0xx_hal_tim.o
HAL_TIM_OC_ConfigChannel                          build/stm32l0xx_hal_tim.o
HAL_TIM_OC_DeInit                                 build/stm32l0xx_hal_tim.o
HAL_TIM_OC_DelayElapsedCallback                   build/stm32l0xx_hal_tim.o
HAL_TIM_OC_GetState                               build/stm32l0xx_hal_tim.o
HAL_TIM_OC_Init                                   build/stm32l0xx_hal_tim.o
HAL_TIM_OC_MspDeInit                              build/stm32l0xx_hal_tim.o
HAL_TIM_OC_MspInit                                build/stm32l0xx_hal_tim.o
HAL_TIM_OC_Start                                  build/stm32l0xx_hal_tim.o
HAL_TIM_OC_Start_DMA                              build/stm32l0xx_hal_tim.o
HAL_TIM_OC_Start_IT                               build/stm32l0xx_hal_tim.o
HAL_TIM_OC_Stop                                   build/stm32l0xx_hal_tim.o
HAL_TIM_OC_Stop_DMA                               build/stm32l0xx_hal_tim.o
HAL_TIM_OC_Stop_IT                                build/stm32l0xx_hal_tim.o
HAL_TIM_OnePulse_ConfigChannel                    build/stm32l0xx_hal_tim.o
HAL_TIM_OnePulse_DeInit                           build/stm32l0xx_hal_tim.o
HAL_TIM_OnePulse_GetState                         build/stm32l0xx_hal_tim.o
HAL_TIM_OnePulse_Init                             build/stm32l0xx_hal_tim.o
HAL_TIM_OnePulse_MspDeInit                        build/stm32l0xx_hal_tim.o
HAL_TIM_OnePulse_MspInit                          build/stm32l0xx_hal_tim.o
HAL_TIM_OnePulse_Start                            build/stm32l0xx_hal_tim.o
HAL_TIM_OnePulse_Start_IT                         build/stm32l0xx_hal_tim.o
HAL_TIM_OnePulse_Stop                             build/stm32l0xx_hal_tim.o
HAL_TIM_OnePulse_Stop_IT                          build/stm32l0xx_hal_tim.o
HAL_TIM_PWM_ConfigChannel                         build/stm32l0xx_hal_tim.o
HAL_TIM_PWM_DeInit                                build/stm32l0xx_hal_tim.o
HAL_TIM_PWM_GetState                              build/stm32l0xx_hal_tim.o
HAL_TIM_PWM_Init                                  build/stm32l0xx_hal_tim.o
HAL_TIM_PWM_MspDeInit                             build/stm32l0xx_hal_tim.o
HAL_TIM_PWM_MspInit                               build/stm32l0xx_hal_tim.o
HAL_TIM_PWM_PulseFinishedCallback                 build/stm32l0xx_hal_tim.o
HAL_TIM_PWM_PulseFinishedHalfCpltCallback         build/stm32l0xx_hal_tim.o
HAL_TIM_PWM_Start                                 build/stm32l0xx_hal_tim.o
HAL_TIM_PWM_Start_DMA                             build/stm32l0xx_hal_tim.o
HAL_TIM_PWM_Start_IT                              build/stm32l0xx_hal_tim.o
HAL_TIM_PWM_Stop                                  build/stm32l0xx_hal_tim.o
HAL_TIM_PWM_Stop_DMA                              build/stm32l0xx_hal_tim.o
HAL_TIM_PWM_Stop_IT                               build/stm32l0xx_hal_tim.o
HAL_TIM_PeriodElapsedCallback                     build/stm32l0xx_hal_tim.o
HAL_TIM_PeriodElapsedHalfCpltCallback             build/stm32l0xx_hal_tim.o
HAL_TIM_ReadCapturedValue                         build/stm32l0xx_hal_tim.o
HAL_TIM_SlaveConfigSynchro                        build/stm32l0xx_hal_tim.o
HAL_TIM_SlaveConfigSynchro_IT                     build/stm32l0xx_hal_tim.o
HAL_TIM_TriggerCallback                           build/stm32l0xx_hal_tim.o
HAL_TIM_TriggerHalfCpltCallback                   build/stm32l0xx_hal_tim.o
HAL_UARTEx_DisableClockStopMode                   build/stm32l0xx_hal_uart_ex.o
HAL_UARTEx_DisableStopMode                        build/stm32l0xx_hal_uart_ex.o
HAL_UARTEx_EnableClockStopMode                    build/stm32l0xx_hal_uart_ex.o
HAL_UARTEx_EnableStopMode                         build/stm32l0xx_hal_uart_ex.o
HAL_UARTEx_StopModeWakeUpSourceConfig             build/stm32l0xx_hal_uart_ex.o
HAL_UARTEx_WakeupCallback                         build/stm32l0xx_hal_uart_ex.o
                                                  build/stm32l0xx_hal_uart.o
HAL_UART_Abort                                    build/stm32l0xx_hal_uart.o
HAL_UART_AbortCpltCallback                        build/stm32l0xx_hal_uart.o
HAL_UART_AbortReceive                             build/stm32l0xx_hal_uart.o
HAL_UART_AbortReceiveCpltCallback                 build/stm32l0xx_hal_uart.o
HAL_UART_AbortReceive_IT                          build/stm32l0xx_hal_uart.o
HAL_UART_AbortTransmit                            build/stm32l0xx_hal_uart.o
HAL_UART_AbortTransmitCpltCallback                build/stm32l0xx_hal_uart.o
HAL_UART_AbortTransmit_IT                         build/stm32l0xx_hal_uart.o
HAL_UART_Abort_IT                                 build/stm32l0xx_hal_uart.o
HAL_UART_DMAPause                                 build/stm32l0xx_hal_uart.o
HAL_UART_DMAResume                                build/stm32l0xx_hal_uart.o
HAL_UART_DMAStop                                  build/stm32l0xx_hal_uart.o
HAL_UART_DeInit                                   build/stm32l0xx_hal_uart.o
HAL_UART_ErrorCallback                            build/stm32l0xx_hal_uart.o
HAL_UART_GetError                                 build/stm32l0xx_hal_uart.o
HAL_UART_GetState                                 build/stm32l0xx_hal_uart.o
HAL_UART_IRQHandler                               build/stm32l0xx_hal_uart.o
HAL_UART_Init                                     build/stm32l0xx_hal_uart.o
                                                  build/uart.o
HAL_UART_MspDeInit                                build/stm32l0xx_hal_uart.o
HAL_UART_MspInit                                  build/stm32l0xx_hal_uart.o
                                                  build/stm32l0xx_hal_uart_ex.o
HAL_UART_Receive                                  build/stm32l0xx_hal_uart.o
HAL_UART_Receive_DMA                              build/stm32l0xx_hal_uart.o
HAL_UART_Receive_IT                               build/stm32l0xx_hal_uart.o
HAL_UART_RxCpltCallback                           build/stm32l0xx_hal_uart.o
HAL_UART_RxHalfCpltCallback                       build/stm32l0xx_hal_uart.o
HAL_UART_Transmit                                 build/stm32l0xx_hal_uart.o
                                                  build/fifo.o
                                                  build/user_func.o
HAL_UART_Transmit_DMA                             build/stm32l0xx_hal_uart.o
HAL_UART_Transmit_IT                              build/stm32l0xx_hal_uart.o
HAL_UART_TxCpltCallback                           build/stm32l0xx_hal_uart.o
HAL_UART_TxHalfCpltCallback                       build/stm32l0xx_hal_uart.o
HAL_USART_Abort                                   build/stm32l0xx_hal_usart.o
HAL_USART_AbortCpltCallback                       build/stm32l0xx_hal_usart.o
HAL_USART_Abort_IT                                build/stm32l0xx_hal_usart.o
HAL_USART_DMAPause                                build/stm32l0xx_hal_usart.o
HAL_USART_DMAResume                               build/stm32l0xx_hal_usart.o
HAL_USART_DMAStop                                 build/stm32l0xx_hal_usart.o
HAL_USART_DeInit                                  build/stm32l0xx_hal_usart.o
HAL_USART_ErrorCallback                           build/stm32l0xx_hal_usart.o
HAL_USART_GetError                                build/stm32l0xx_hal_usart.o
HAL_USART_GetState                                build/stm32l0xx_hal_usart.o
HAL_USART_IRQHandler                              build/stm32l0xx_hal_usart.o
HAL_USART_Init                                    build/stm32l0xx_hal_usart.o
HAL_USART_MspDeInit                               build/stm32l0xx_hal_usart.o
HAL_USART_MspInit                                 build/stm32l0xx_hal_usart.o
HAL_USART_Receive                                 build/stm32l0xx_hal_usart.o
HAL_USART_Receive_DMA                             build/stm32l0xx_hal_usart.o
HAL_USART_Receive_IT                              build/stm32l0xx_hal_usart.o
HAL_USART_RxCpltCallback                          build/stm32l0xx_hal_usart.o
HAL_USART_RxHalfCpltCallback                      build/stm32l0xx_hal_usart.o
HAL_USART_Transmit                                build/stm32l0xx_hal_usart.o
HAL_USART_TransmitReceive                         build/stm32l0xx_hal_usart.o
HAL_USART_TransmitReceive_DMA                     build/stm32l0xx_hal_usart.o
HAL_USART_TransmitReceive_IT                      build/stm32l0xx_hal_usart.o
HAL_USART_Transmit_DMA                            build/stm32l0xx_hal_usart.o
HAL_USART_Transmit_IT                             build/stm32l0xx_hal_usart.o
HAL_USART_TxCpltCallback                          build/stm32l0xx_hal_usart.o
HAL_USART_TxHalfCpltCallback                      build/stm32l0xx_hal_usart.o
HAL_USART_TxRxCpltCallback                        build/stm32l0xx_hal_usart.o
HardFault_Handler                                 build/stm32l0xx_it.o
I2C1_IRQHandler                                   build/startup_stm32l073xx.o
I2C2_IRQHandler                                   build/startup_stm32l073xx.o
I2C3_IRQHandler                                   build/startup_stm32l073xx.o
I2CAddress                                        build/user_func.o
I2CRead                                           build/user_func.o
I2CReadReg                                        build/user_func.o
I2CScan                                           build/user_func.o
I2CWrite                                          build/user_func.o
I2CWriteReg                                       build/user_func.o
LCD_IRQHandler                                    build/startup_stm32l073xx.o
LPTIM1_IRQHandler                                 build/startup_stm32l073xx.o
MX_GPIO_Init                                      build/gpio.o
                                                  build/main.o
MX_TIMERIC_Init                                   build/tim.o
MX_TIMER_Disable                                  build/tim.o
                                                  build/fifo.o
MX_TIMER_Enable                                   build/tim.o
                                                  build/fifo.o
MX_TIMER_Init                                     build/tim.o
                                                  build/main.o
MX_USART2_UART_Init                               build/uart.o
                                                  build/main.o
NMI_Handler                                       build/stm32l0xx_it.o
PLLMulTable                                       build/system_stm32l0xx.o
                                                  build/stm32l0xx_hal_rcc_ex.o
                                                  build/stm32l0xx_hal_rcc.o
PVD_IRQHandler                                    build/startup_stm32l073xx.o
PendSV_Handler                                    build/stm32l0xx_it.o
RCC_CRS_IRQHandler                                build/startup_stm32l073xx.o
RNG_LPUART1_IRQHandler                            build/startup_stm32l073xx.o
RTC_IRQHandler                                    build/startup_stm32l073xx.o
Reset_Handler                                     build/startup_stm32l073xx.o
SPI1_IRQHandler                                   build/startup_stm32l073xx.o
SPI2_IRQHandler                                   build/startup_stm32l073xx.o
SRF_fifo                                          build/main.o
                                                  build/tim.o
SVC_Handler                                       build/stm32l0xx_it.o
SysTick_Handler                                   build/stm32l0xx_it.o
SystemClock_Config                                build/main.o
SystemCoreClock                                   build/system_stm32l0xx.o
                                                  build/stm32l0xx_hal_pwr_ex.o
                                                  build/stm32l0xx_hal_rcc.o
                                                  build/stm32l0xx_hal.o
SystemCoreClockUpdate                             build/system_stm32l0xx.o
SystemInit                                        build/system_stm32l0xx.o
                                                  build/startup_stm32l073xx.o
TIM21_IRQHandler                                  build/startup_stm32l073xx.o
TIM22_IRQHandler                                  build/startup_stm32l073xx.o
TIM2_IRQHandler                                   build/startup_stm32l073xx.o
TIM3_IRQHandler                                   build/tim.o
TIM6_DAC_IRQHandler                               build/startup_stm32l073xx.o
TIM7_IRQHandler                                   build/startup_stm32l073xx.o
TIM_DMACaptureCplt                                build/stm32l0xx_hal_tim.o
TIM_DMACaptureHalfCplt                            build/stm32l0xx_hal_tim.o
TIM_DMADelayPulseCplt                             build/stm32l0xx_hal_tim.o
TIM_DMADelayPulseHalfCplt                         build/stm32l0xx_hal_tim.o
TIM_DMAError                                      build/stm32l0xx_hal_tim.o
TSC_IRQHandler                                    build/startup_stm32l073xx.o
UART_AdvFeatureConfig                             build/stm32l0xx_hal_uart.o
                                                  build/stm32l0xx_hal_uart_ex.o
UART_CheckIdleState                               build/stm32l0xx_hal_uart.o
                                                  build/stm32l0xx_hal_uart_ex.o
UART_SetConfig                                    build/stm32l0xx_hal_uart.o
                                                  build/stm32l0xx_hal_uart_ex.o
UART_WaitOnFlagUntilTimeout                       build/stm32l0xx_hal_uart.o
                                                  build/stm32l0xx_hal_uart_ex.o
USART1_IRQHandler                                 build/startup_stm32l073xx.o
USART2_IRQHandler                                 build/uart.o
USART4_5_IRQHandler                               build/startup_stm32l073xx.o
USB_IRQHandler                                    build/startup_stm32l073xx.o
WWDG_IRQHandler                                   build/startup_stm32l073xx.o
__aeabi_cfcmpeq                                   /Users/yanli/arm/bin/../lib/gcc/arm-none-eabi/9.2.1/thumb/v6-m/nofp/libgcc.a(_arm_cmpsf2.o)
__aeabi_cfcmple                                   /Users/yanli/arm/bin/../lib/gcc/arm-none-eabi/9.2.1/thumb/v6-m/nofp/libgcc.a(_arm_cmpsf2.o)
__aeabi_cfrcmple                                  /Users/yanli/arm/bin/../lib/gcc/arm-none-eabi/9.2.1/thumb/v6-m/nofp/libgcc.a(_arm_cmpsf2.o)
__aeabi_f2iz                                      /Users/yanli/arm/bin/../lib/gcc/arm-none-eabi/9.2.1/thumb/v6-m/nofp/libgcc.a(fixsfsi.o)